<html>
<body>
<pre>
<h1>µVision Build Log</h1>
<h2>Tool Versions:</h2>
IDE-Version: µVision V5.27.1.0
Copyright (C) 2019 ARM Ltd and ARM Germany GmbH. All rights reserved.
License Information: Nguyen Thanh Tinh, FPT, LIC=GMZ56-D153S-KBNER-KNWE7-BSK4B-N3YE1
 
Tool Versions:
Toolchain:       MDK-ARM Plus  Version: 5.27.1.0
Toolchain Path:  C:\Keil_v5\ARM\ARMCC\Bin
C Compiler:      Armcc.exe V5.06 update 6 (build 750)
Assembler:       Armasm.exe V5.06 update 6 (build 750)
Linker/Locator:  ArmLink.exe V5.06 update 6 (build 750)
Library Manager: ArmAr.exe V5.06 update 6 (build 750)
Hex Converter:   FromElf.exe V5.06 update 6 (build 750)
CPU DLL:         SARMCM3.DLL V5.27.1.0
Dialog DLL:      DCM.DLL V1.17.2.0
Target DLL:      STLink\ST-LINKIII-KEIL_SWO.dll V3.0.6.0
Dialog DLL:      TCM.DLL V1.36.1.0
 
<h2>Project:</h2>
E:\STM32_1\STM32_1\LCD_TFT1_RC522\LCD_TFT1.uvprojx
Project File Date:  06/08/2019

<h2>Output:</h2>
*** Using Compiler 'V5.06 update 6 (build 750)', folder: 'C:\Keil_v5\ARM\ARMCC\Bin'
Rebuild target 'Target 1'
compiling main.c...
compiling Touch.c...
..\Libraries\User\Touch.c(486): warning:  #181-D: argument is incompatible with corresponding format string conversion
  				sprintf (buf, "%f-%f-%f-%f",Pen_Point.xfac,Pen_Point.xoff,Pen_Point.yfac,Pen_Point.yoff);
..\Libraries\User\Touch.c(486): warning:  #181-D: argument is incompatible with corresponding format string conversion
  				sprintf (buf, "%f-%f-%f-%f",Pen_Point.xfac,Pen_Point.xoff,Pen_Point.yfac,Pen_Point.yoff);
..\Libraries\User\Touch.c: 2 warnings, 0 errors
compiling lcd.c...
compiling 24C02.c...
compiling stm32f10x_it.c...
compiling spi.c...
compiling rc522.c...
compiling USART.c...
compiling R305.c...
compiling ff.c...
compiling diskio.c...
compiling SD_driver.c...
compiling ds1307.c...
compiling password.c...
compiling hinhnen.c...
compiling i2c.c...
compiling RFID.c...
compiling myanh.c...
compiling r305_50_44.c...
compiling cJSON_Utils.c...
compiling cJSON.c...
compiling parson.c...
compiling misc.c...
compiling stm32f10x_gpio.c...
compiling stm32f10x_exti.c...
compiling stm32f10x_i2c.c...
compiling stm32f10x_spi.c...
compiling stm32f10x_rcc.c...
assembling startup_stm32f10x_hd.s...
compiling stm32f10x_usart.c...
compiling GPIO_STM32F10x.c...
compiling system_stm32f10x.c...
linking...
Program Size: Code=34438 RO-data=174670 RW-data=176 ZI-data=3840  
".\Objects\LCD_TFT1.axf" - 0 Error(s), 2 Warning(s).

<h2>Software Packages used:</h2>

Package Vendor: ARM
                http://www.keil.com/pack/ARM.CMSIS.5.5.1.pack
                ARM.CMSIS.5.5.1
                CMSIS (Cortex Microcontroller Software Interface Standard)
   * Component: CORE Version: 5.2.0

Package Vendor: MDK-Packs
                https://github.com/MDK-Packs/Pack/raw/master/Azure_IoT/MDK-Packs.Azure_IoT.1.0.1.pack
                MDK-Packs.Azure_IoT.1.0.1
                Microsoft Azure IoT SDKs and Libraries
   * Component: parson Version: 0.0.0

Package Vendor: MDK-Packs
                https://github.com/MDK-Packs/Pack/raw/master/cJSON/MDK-Packs.cJSON.1.0.0.pack
                MDK-Packs.cJSON.1.0.0
                Ultralightweight JSON parser in ANSI C
   * Component: cJSON Version: 1.7.7

Package Vendor: Keil
                http://www.keil.com/pack/Keil.STM32F1xx_DFP.2.3.0.pack
                Keil.STM32F1xx_DFP.2.3.0
                STMicroelectronics STM32F1 Series Device Support, Drivers and Examples
   * Component: GPIO Version: 1.3
   * Component: Startup Version: 1.0.0
   * Component: EXTI Version: 3.5.0
   * Component: Framework Version: 3.5.1
   * Component: GPIO Version: 3.5.0
   * Component: I2C Version: 3.5.0
   * Component: RCC Version: 3.5.0
   * Component: SPI Version: 3.5.0
   * Component: USART Version: 3.5.0

<h2>Collection of Component include folders:</h2>
  .\RTE\Device\STM32F103VE
  .\RTE\_Target_1
  C:\Users\MyPC\AppData\Local\Arm\Packs\ARM\CMSIS\5.5.1\CMSIS\Core\Include
  C:\Users\MyPC\AppData\Local\Arm\Packs\Keil\STM32F1xx_DFP\2.3.0\Device\Include
  C:\Users\MyPC\AppData\Local\Arm\Packs\Keil\STM32F1xx_DFP\2.3.0\Device\StdPeriph_Driver\inc
  C:\Users\MyPC\AppData\Local\Arm\Packs\Keil\STM32F1xx_DFP\2.3.0\RTE_Driver
  C:\Users\MyPC\AppData\Local\Arm\Packs\MDK-Packs\Azure_IoT\1.0.1\deps\parson
  C:\Users\MyPC\AppData\Local\Arm\Packs\MDK-Packs\cJSON\1.0.0

<h2>Collection of Component Files used:</h2>

   * Component: ARM::CMSIS:CORE:5.2.0

   * Component: Keil::Device:GPIO:1.3
      Source file:   RTE_Driver\GPIO_STM32F10x.c
      Include file:  RTE_Driver\GPIO_STM32F10x.h

   * Component: Keil::Device:Startup:1.0.0
      Source file:   Device\Source\ARM\startup_stm32f10x_hd.s
      Source file:   Device\Source\ARM\STM32F1xx_OPT.s
      Include file:  RTE_Driver\Config\RTE_Device.h
      Source file:   Device\Source\system_stm32f10x.c

   * Component: Keil::Device:StdPeriph Drivers:EXTI:3.5.0
      Source file:   Device\StdPeriph_Driver\src\stm32f10x_exti.c
      Include file:  Device\StdPeriph_Driver\inc\stm32f10x_exti.h

   * Component: Keil::Device:StdPeriph Drivers:Framework:3.5.1
      Include file:  Device\StdPeriph_Driver\inc\misc.h
      Source file:   Device\StdPeriph_Driver\src\misc.c
      Source file:   Device\StdPeriph_Driver\templates\stm32f10x_conf.h
      Source file:   Device\StdPeriph_Driver\templates\stm32f10x_it.c
      Include file:  Device\StdPeriph_Driver\templates\stm32f10x_it.h

   * Component: Keil::Device:StdPeriph Drivers:GPIO:3.5.0
      Source file:   Device\StdPeriph_Driver\src\stm32f10x_gpio.c
      Include file:  Device\StdPeriph_Driver\inc\stm32f10x_gpio.h

   * Component: Keil::Device:StdPeriph Drivers:I2C:3.5.0
      Source file:   Device\StdPeriph_Driver\src\stm32f10x_i2c.c
      Include file:  Device\StdPeriph_Driver\inc\stm32f10x_i2c.h

   * Component: Keil::Device:StdPeriph Drivers:RCC:3.5.0
      Source file:   Device\StdPeriph_Driver\src\stm32f10x_rcc.c
      Include file:  Device\StdPeriph_Driver\inc\stm32f10x_rcc.h

   * Component: Keil::Device:StdPeriph Drivers:SPI:3.5.0
      Include file:  Device\StdPeriph_Driver\inc\stm32f10x_spi.h
      Source file:   Device\StdPeriph_Driver\src\stm32f10x_spi.c

   * Component: Keil::Device:StdPeriph Drivers:USART:3.5.0
      Include file:  Device\StdPeriph_Driver\inc\stm32f10x_usart.h
      Source file:   Device\StdPeriph_Driver\src\stm32f10x_usart.c

   * Component: MDK-Packs::Data Exchange:JSON:cJSON:1.7.7
      Include file:  cJSON.h
      Source file:   cJSON.c
      Include file:  cJSON_Utils.h
      Source file:   cJSON_Utils.c

   * Component: MDK-Packs::Data Exchange:JSON:parson:0.0.0
      Include file:  deps\parson\parson.h
      Source file:   deps\parson\parson.c
Build Time Elapsed:  00:00:13
</pre>
</body>
</html>
