Component: ARM Compiler 5.06 update 6 (build 750) Tool: armlink [4d35ed]

==============================================================================

Section Cross References

    main.o(i.NVIC_Configuration) refers to misc.o(i.NVIC_PriorityGroupConfig) for NVIC_PriorityGroupConfig
    main.o(i.NVIC_Configuration) refers to misc.o(i.NVIC_Init) for NVIC_Init
    main.o(i.NVIC_Configuration_USART3) refers to misc.o(i.NVIC_PriorityGroupConfig) for NVIC_PriorityGroupConfig
    main.o(i.NVIC_Configuration_USART3) refers to misc.o(i.NVIC_Init) for NVIC_Init
    main.o(i.Nhan_dang_RFID) refers to lcd.o(i.LCD_SHOW_STRING) for LCD_SHOW_STRING
    main.o(i.Nhan_dang_vantay) refers to lcd.o(i.LCD_SHOW_STRING) for LCD_SHOW_STRING
    main.o(i.RCC_Configuration) refers to stm32f10x_rcc.o(i.RCC_DeInit) for RCC_DeInit
    main.o(i.RCC_Configuration) refers to stm32f10x_rcc.o(i.RCC_HSEConfig) for RCC_HSEConfig
    main.o(i.RCC_Configuration) refers to stm32f10x_rcc.o(i.RCC_WaitForHSEStartUp) for RCC_WaitForHSEStartUp
    main.o(i.RCC_Configuration) refers to stm32f10x_rcc.o(i.RCC_HCLKConfig) for RCC_HCLKConfig
    main.o(i.RCC_Configuration) refers to stm32f10x_rcc.o(i.RCC_PCLK2Config) for RCC_PCLK2Config
    main.o(i.RCC_Configuration) refers to stm32f10x_rcc.o(i.RCC_PCLK1Config) for RCC_PCLK1Config
    main.o(i.RCC_Configuration) refers to stm32f10x_rcc.o(i.RCC_PLLConfig) for RCC_PLLConfig
    main.o(i.RCC_Configuration) refers to stm32f10x_rcc.o(i.RCC_PLLCmd) for RCC_PLLCmd
    main.o(i.RCC_Configuration) refers to stm32f10x_rcc.o(i.RCC_GetFlagStatus) for RCC_GetFlagStatus
    main.o(i.RCC_Configuration) refers to stm32f10x_rcc.o(i.RCC_SYSCLKConfig) for RCC_SYSCLKConfig
    main.o(i.RCC_Configuration) refers to stm32f10x_rcc.o(i.RCC_GetSYSCLKSource) for RCC_GetSYSCLKSource
    main.o(i.RCC_Configuration) refers to stm32f10x_rcc.o(i.RCC_APB2PeriphClockCmd) for RCC_APB2PeriphClockCmd
    main.o(i.RCC_Configuration) refers to stm32f10x_rcc.o(i.RCC_APB1PeriphClockCmd) for RCC_APB1PeriphClockCmd
    main.o(i.USART3_IRQHandler) refers to stm32f10x_usart.o(i.USART_GetFlagStatus) for USART_GetFlagStatus
    main.o(i.USART3_IRQHandler) refers to stm32f10x_usart.o(i.USART_ReceiveData) for USART_ReceiveData
    main.o(i.USART3_IRQHandler) refers to lcd.o(i.LCD_SHOW_STRING) for LCD_SHOW_STRING
    main.o(i.USART3_IRQHandler) refers to main.o(.bss) for dl
    main.o(i.USART3_IRQHandler) refers to main.o(.data) for i
    main.o(i.get_rfid_id) refers to _printf_percent.o(.ARM.Collect$$_printf_percent$$00000000) for _printf_percent
    main.o(i.get_rfid_id) refers to _printf_x.o(.ARM.Collect$$_printf_percent$$0000000C) for _printf_x
    main.o(i.get_rfid_id) refers to _printf_hex_int.o(.text) for _printf_longlong_hex
    main.o(i.get_rfid_id) refers to spi.o(i.initSPI1) for initSPI1
    main.o(i.get_rfid_id) refers to main.o(i.Delay) for Delay
    main.o(i.get_rfid_id) refers to rc522.o(i.MFRC522_Request) for MFRC522_Request
    main.o(i.get_rfid_id) refers to rc522.o(i.MFRC522_Anticoll) for MFRC522_Anticoll
    main.o(i.get_rfid_id) refers to __2sprintf.o(.text) for __2sprintf
    main.o(i.get_rfid_id) refers to lcd.o(i.LCD_SHOW_STRING) for LCD_SHOW_STRING
    main.o(i.get_rfid_id) refers to main.o(i.Nhan_dang_RFID) for Nhan_dang_RFID
    main.o(i.main) refers to _printf_percent.o(.ARM.Collect$$_printf_percent$$00000000) for _printf_percent
    main.o(i.main) refers to _printf_d.o(.ARM.Collect$$_printf_percent$$00000009) for _printf_d
    main.o(i.main) refers to _printf_dec.o(.text) for _printf_int_dec
    main.o(i.main) refers to _printf_x.o(.ARM.Collect$$_printf_percent$$0000000C) for _printf_x
    main.o(i.main) refers to _printf_hex_int.o(.text) for _printf_longlong_hex
    main.o(i.main) refers to main.o(i.RCC_Configuration) for RCC_Configuration
    main.o(i.main) refers to main.o(i.NVIC_Configuration) for NVIC_Configuration
    main.o(i.main) refers to 24c02.o(i.I2C_EE_Init) for I2C_EE_Init
    main.o(i.main) refers to lcd.o(i.LCD_INIT) for LCD_INIT
    main.o(i.main) refers to touch.o(i.TOUCH_INIT) for TOUCH_INIT
    main.o(i.main) refers to spi.o(i.initSPI1) for initSPI1
    main.o(i.main) refers to rc522.o(i.MFRC522_Init) for MFRC522_Init
    main.o(i.main) refers to usart.o(i.USARTx_Configuration) for USARTx_Configuration
    main.o(i.main) refers to main.o(i.NVIC_Configuration_USART3) for NVIC_Configuration_USART3
    main.o(i.main) refers to ds1307.o(i.ds1307_init) for ds1307_init
    main.o(i.main) refers to ds1307.o(i.ds1307_set_calendar_date) for ds1307_set_calendar_date
    main.o(i.main) refers to main.o(i.Delay) for Delay
    main.o(i.main) refers to ds1307.o(i.ds1307_set_time_24) for ds1307_set_time_24
    main.o(i.main) refers to touch.o(i.TOUCH_PRESS) for TOUCH_PRESS
    main.o(i.main) refers to lcd.o(i.LCD_DRAW_PICTURE) for LCD_DRAW_PICTURE
    main.o(i.main) refers to sd_driver.o(i.SPI_Configuration) for SPI_Configuration
    main.o(i.main) refers to sd_driver.o(i.SD_Init) for SD_Init
[...]
    _mutex_free                               - Undefined Weak Reference
    _mutex_release                            - Undefined Weak Reference
    _printf_mbtowc                            - Undefined Weak Reference
    _printf_truncate_signed                   - Undefined Weak Reference
    _printf_truncate_unsigned                 - Undefined Weak Reference
    _scanf_int                                - Undefined Weak Reference
    _scanf_longlong                           - Undefined Weak Reference
    _scanf_mbtowc                             - Undefined Weak Reference
    _scanf_string                             - Undefined Weak Reference
    _scanf_wctomb                             - Undefined Weak Reference
    _scanf_wstring                            - Undefined Weak Reference
    _signal_finish                            - Undefined Weak Reference
    _signal_init                              - Undefined Weak Reference
    __Vectors_Size                           0x00000130   Number         0  startup_stm32f10x_hd.o ABSOLUTE
    __Vectors                                0x08000000   Data           4  startup_stm32f10x_hd.o(RESET)
    __Vectors_End                            0x08000130   Data           0  startup_stm32f10x_hd.o(RESET)
    __main                                   0x08000131   Thumb Code     8  __main.o(!!!main)
    __scatterload                            0x08000139   Thumb Code     0  __scatter.o(!!!scatter)
    __scatterload_rt2                        0x08000139   Thumb Code    44  __scatter.o(!!!scatter)
    __scatterload_rt2_thumb_only             0x08000139   Thumb Code     0  __scatter.o(!!!scatter)
    __scatterload_null                       0x08000147   Thumb Code     0  __scatter.o(!!!scatter)
    __scatterload_copy                       0x0800016d   Thumb Code    26  __scatter_copy.o(!!handler_copy)
    __scatterload_zeroinit                   0x08000189   Thumb Code    28  __scatter_zi.o(!!handler_zi)
    _printf_f                                0x080001a5   Thumb Code     0  _printf_f.o(.ARM.Collect$$_printf_percent$$00000003)
    _printf_percent                          0x080001a5   Thumb Code     0  _printf_percent.o(.ARM.Collect$$_printf_percent$$00000000)
    _printf_d                                0x080001ab   Thumb Code     0  _printf_d.o(.ARM.Collect$$_printf_percent$$00000009)
    _printf_x                                0x080001b1   Thumb Code     0  _printf_x.o(.ARM.Collect$$_printf_percent$$0000000C)
    _printf_percent_end                      0x080001b7   Thumb Code     0  _printf_percent_end.o(.ARM.Collect$$_printf_percent$$00000017)
    __rt_lib_init                            0x080001bb   Thumb Code     0  libinit.o(.ARM.Collect$$libinit$$00000000)
    __rt_lib_init_fp_1                       0x080001bd   Thumb Code     0  libinit2.o(.ARM.Collect$$libinit$$00000002)
    __rt_lib_init_heap_1                     0x080001bd   Thumb Code     0  libinit2.o(.ARM.Collect$$libinit$$0000000A)
    __rt_lib_init_lc_common                  0x080001bd   Thumb Code     0  libinit2.o(.ARM.Collect$$libinit$$0000000F)
    __rt_lib_init_preinit_1                  0x080001bd   Thumb Code     0  libinit2.o(.ARM.Collect$$libinit$$00000004)
    __rt_lib_init_rand_1                     0x080001bd   Thumb Code     0  libinit2.o(.ARM.Collect$$libinit$$0000000E)
    __rt_lib_init_user_alloc_1               0x080001bd   Thumb Code     0  libinit2.o(.ARM.Collect$$libinit$$0000000C)
    __rt_lib_init_lc_collate_1               0x080001c3   Thumb Code     0  libinit2.o(.ARM.Collect$$libinit$$00000011)
    __rt_lib_init_lc_ctype_1                 0x080001c3   Thumb Code     0  libinit2.o(.ARM.Collect$$libinit$$00000013)
    __rt_lib_init_lc_monetary_1              0x080001c3   Thumb Code     0  libinit2.o(.ARM.Collect$$libinit$$00000015)
    __rt_lib_init_lc_numeric_2               0x080001c3   Thumb Code     0  libinit2.o(.ARM.Collect$$libinit$$00000016)
    __rt_lib_init_alloca_1                   0x080001cd   Thumb Code     0  libinit2.o(.ARM.Collect$$libinit$$0000002E)
    __rt_lib_init_argv_1                     0x080001cd   Thumb Code     0  libinit2.o(.ARM.Collect$$libinit$$0000002C)
    __rt_lib_init_atexit_1                   0x080001cd   Thumb Code     0  libinit2.o(.ARM.Collect$$libinit$$0000001B)
    __rt_lib_init_clock_1                    0x080001cd   Thumb Code     0  libinit2.o(.ARM.Collect$$libinit$$00000021)
    __rt_lib_init_cpp_1                      0x080001cd   Thumb Code     0  libinit2.o(.ARM.Collect$$libinit$$00000032)
    __rt_lib_init_exceptions_1               0x080001cd   Thumb Code     0  libinit2.o(.ARM.Collect$$libinit$$00000030)
    __rt_lib_init_fp_trap_1                  0x080001cd   Thumb Code     0  libinit2.o(.ARM.Collect$$libinit$$0000001F)
    __rt_lib_init_getenv_1                   0x080001cd   Thumb Code     0  libinit2.o(.ARM.Collect$$libinit$$00000023)
    __rt_lib_init_lc_numeric_1               0x080001cd   Thumb Code     0  libinit2.o(.ARM.Collect$$libinit$$00000017)
    __rt_lib_init_lc_time_1                  0x080001cd   Thumb Code     0  libinit2.o(.ARM.Collect$$libinit$$00000019)
    __rt_lib_init_return                     0x080001cd   Thumb Code     0  libinit2.o(.ARM.Collect$$libinit$$00000033)
    __rt_lib_init_signal_1                   0x080001cd   Thumb Code     0  libinit2.o(.ARM.Collect$$libinit$$0000001D)
    __rt_lib_init_stdio_1                    0x080001cd   Thumb Code     0  libinit2.o(.ARM.Collect$$libinit$$00000025)
    __rt_lib_shutdown                        0x080001cf   Thumb Code     0  libshutdown.o(.ARM.Collect$$libshutdown$$00000000)
    __rt_lib_shutdown_cpp_1                  0x080001d1   Thumb Code     0  libshutdown2.o(.ARM.Collect$$libshutdown$$00000002)
    __rt_lib_shutdown_fp_trap_1              0x080001d1   Thumb Code     0  libshutdown2.o(.ARM.Collect$$libshutdown$$00000007)
    __rt_lib_shutdown_heap_1                 0x080001d1   Thumb Code     0  libshutdown2.o(.ARM.Collect$$libshutdown$$0000000F)
    __rt_lib_shutdown_return                 0x080001d1   Thumb Code     0  libshutdown2.o(.ARM.Collect$$libshutdown$$00000010)
    __rt_lib_shutdown_signal_1               0x080001d1   Thumb Code     0  libshutdown2.o(.ARM.Collect$$libshutdown$$0000000A)
    __rt_lib_shutdown_stdio_1                0x080001d1   Thumb Code     0  libshutdown2.o(.ARM.Collect$$libshutdown$$00000004)
    __rt_lib_shutdown_user_alloc_1           0x080001d1   Thumb Code     0  libshutdown2.o(.ARM.Collect$$libshutdown$$0000000C)
    __rt_entry                               0x080001d3   Thumb Code     0  __rtentry.o(.ARM.Collect$$rtentry$$00000000)
    __rt_entry_presh_1                       0x080001d3   Thumb Code     0  __rtentry2.o(.ARM.Collect$$rtentry$$00000002)
    __rt_entry_sh                            0x080001d3   Thumb Code     0  __rtentry4.o(.ARM.Collect$$rtentry$$00000004)
    __rt_entry_li                            0x080001d9   Thumb Code     0  __rtentry2.o(.ARM.Collect$$rtentry$$0000000A)
    __rt_entry_postsh_1                      0x080001d9   Thumb Code     0  __rtentry2.o(.ARM.Collect$$rtentry$$00000009)
    __rt_entry_main                          0x080001dd   Thumb Code     0  __rtentry2.o(.ARM.Collect$$rtentry$$0000000D)
    __rt_entry_postli_1                      0x080001dd   Thumb Code     0  __rtentry2.o(.ARM.Collect$$rtentry$$0000000C)
    __rt_exit                                0x080001e5   Thumb Code     0  rtexit.o(.ARM.Collect$$rtexit$$00000000)
    __rt_exit_ls                             0x080001e7   Thumb Code     0  rtexit2.o(.ARM.Collect$$rtexit$$00000003)
    __rt_exit_prels_1                        0x080001e7   Thumb Code     0  rtexit2.o(.ARM.Collect$$rtexit$$00000002)
    __rt_exit_exit                           0x080001eb   Thumb Code     0  rtexit2.o(.ARM.Collect$$rtexit$$00000004)
    Reset_Handler                            0x080001f1   Thumb Code     8  startup_stm32f10x_hd.o(.text)
    NMI_Handler                              0x080001f9   Thumb Code     2  startup_stm32f10x_hd.o(.text)
    HardFault_Handler                        0x080001fb   Thumb Code     2  startup_stm32f10x_hd.o(.text)
    MemManage_Handler                        0x080001fd   Thumb Code     2  startup_stm32f10x_hd.o(.text)
    BusFault_Handler                         0x080001ff   Thumb Code     2  startup_stm32f10x_hd.o(.text)
    UsageFault_Handler                       0x08000201   Thumb Code     2  startup_stm32f10x_hd.o(.text)
    SVC_Handler                              0x08000203   Thumb Code     2  startup_stm32f10x_hd.o(.text)
    DebugMon_Handler                         0x08000205   Thumb Code     2  startup_stm32f10x_hd.o(.text)
    PendSV_Handler                           0x08000207   Thumb Code     2  startup_stm32f10x_hd.o(.text)
    SysTick_Handler                          0x08000209   Thumb Code     2  startup_stm32f10x_hd.o(.text)
    ADC1_2_IRQHandler                        0x0800020b   Thumb Code     0  startup_stm32f10x_hd.o(.text)
    ADC3_IRQHandler                          0x0800020b   Thumb Code     0  startup_stm32f10x_hd.o(.text)
    CAN1_RX1_IRQHandler                      0x0800020b   Thumb Code     0  startup_stm32f10x_hd.o(.text)
    CAN1_SCE_IRQHandler                      0x0800020b   Thumb Code     0  startup_stm32f10x_hd.o(.text)
    DMA1_Channel1_IRQHandler                 0x0800020b   Thumb Code     0  startup_stm32f10x_hd.o(.text)
    DMA1_Channel2_IRQHandler                 0x0800020b   Thumb Code     0  startup_stm32f10x_hd.o(.text)
    DMA1_Channel3_IRQHandler                 0x0800020b   Thumb Code     0  startup_stm32f10x_hd.o(.text)
    DMA1_Channel4_IRQHandler                 0x0800020b   Thumb Code     0  startup_stm32f10x_hd.o(.text)
    DMA1_Channel5_IRQHandler                 0x0800020b   Thumb Code     0  startup_stm32f10x_hd.o(.text)
    DMA1_Channel6_IRQHandler                 0x0800020b   Thumb Code     0  startup_stm32f10x_hd.o(.text)
    DMA1_Channel7_IRQHandler                 0x0800020b   Thumb Code     0  startup_stm32f10x_hd.o(.text)
    DMA2_Channel1_IRQHandler                 0x0800020b   Thumb Code     0  startup_stm32f10x_hd.o(.text)
    DMA2_Channel2_IRQHandler                 0x0800020b   Thumb Code     0  startup_stm32f10x_hd.o(.text)
    DMA2_Channel3_IRQHandler                 0x0800020b   Thumb Code     0  startup_stm32f10x_hd.o(.text)
    DMA2_Channel4_5_IRQHandler               0x0800020b   Thumb Code     0  startup_stm32f10x_hd.o(.text)
    EXTI0_IRQHandler                         0x0800020b   Thumb Code     0  startup_stm32f10x_hd.o(.text)
    EXTI15_10_IRQHandler                     0x0800020b   Thumb Code     0  startup_stm32f10x_hd.o(.text)
    EXTI1_IRQHandler                         0x0800020b   Thumb Code     0  startup_stm32f10x_hd.o(.text)
    EXTI2_IRQHandler                         0x0800020b   Thumb Code     0  startup_stm32f10x_hd.o(.text)
    EXTI3_IRQHandler                         0x0800020b   Thumb Code     0  startup_stm32f10x_hd.o(.text)
    EXTI9_5_IRQHandler                       0x0800020b   Thumb Code     0  startup_stm32f10x_hd.o(.text)
    FLASH_IRQHandler                         0x0800020b   Thumb Code     0  startup_stm32f10x_hd.o(.text)
    FSMC_IRQHandler                          0x0800020b   Thumb Code     0  startup_stm32f10x_hd.o(.text)
    I2C1_ER_IRQHandler                       0x0800020b   Thumb Code     0  startup_stm32f10x_hd.o(.text)
    I2C1_EV_IRQHandler                       0x0800020b   Thumb Code     0  startup_stm32f10x_hd.o(.text)
    I2C2_ER_IRQHandler                       0x0800020b   Thumb Code     0  startup_stm32f10x_hd.o(.text)
    I2C2_EV_IRQHandler                       0x0800020b   Thumb Code     0  startup_stm32f10x_hd.o(.text)
    PVD_IRQHandler                           0x0800020b   Thumb Code     0  startup_stm32f10x_hd.o(.text)
    RCC_IRQHandler                           0x0800020b   Thumb Code     0  startup_stm32f10x_hd.o(.text)
    RTCAlarm_IRQHandler                      0x0800020b   Thumb Code     0  startup_stm32f10x_hd.o(.text)
    RTC_IRQHandler                           0x0800020b   Thumb Code     0  startup_stm32f10x_hd.o(.text)
    SDIO_IRQHandler                          0x0800020b   Thumb Code     0  startup_stm32f10x_hd.o(.text)
    SPI1_IRQHandler                          0x0800020b   Thumb Code     0  startup_stm32f10x_hd.o(.text)
    SPI2_IRQHandler                          0x0800020b   Thumb Code     0  startup_stm32f10x_hd.o(.text)
    SPI3_IRQHandler                          0x0800020b   Thumb Code     0  startup_stm32f10x_hd.o(.text)
    TAMPER_IRQHandler                        0x0800020b   Thumb Code     0  startup_stm32f10x_hd.o(.text)
    TIM1_BRK_IRQHandler                      0x0800020b   Thumb Code     0  startup_stm32f10x_hd.o(.text)
    TIM1_CC_IRQHandler                       0x0800020b   Thumb Code     0  startup_stm32f10x_hd.o(.text)
    TIM1_TRG_COM_IRQHandler                  0x0800020b   Thumb Code     0  startup_stm32f10x_hd.o(.text)
    TIM1_UP_IRQHandler                       0x0800020b   Thumb Code     0  startup_stm32f10x_hd.o(.text)
    TIM2_IRQHandler                          0x0800020b   Thumb Code     0  startup_stm32f10x_hd.o(.text)
    TIM3_IRQHandler                          0x0800020b   Thumb Code     0  startup_stm32f10x_hd.o(.text)
    TIM4_IRQHandler                          0x0800020b   Thumb Code     0  startup_stm32f10x_hd.o(.text)
    TIM5_IRQHandler                          0x0800020b   Thumb Code     0  startup_stm32f10x_hd.o(.text)
    TIM6_IRQHandler                          0x0800020b   Thumb Code     0  startup_stm32f10x_hd.o(.text)
    TIM7_IRQHandler                          0x0800020b   Thumb Code     0  startup_stm32f10x_hd.o(.text)
    TIM8_BRK_IRQHandler                      0x0800020b   Thumb Code     0  startup_stm32f10x_hd.o(.text)
    TIM8_CC_IRQHandler                       0x0800020b   Thumb Code     0  startup_stm32f10x_hd.o(.text)
    TIM8_TRG_COM_IRQHandler                  0x0800020b   Thumb Code     0  startup_stm32f10x_hd.o(.text)
    TIM8_UP_IRQHandler                       0x0800020b   Thumb Code     0  startup_stm32f10x_hd.o(.text)
    UART4_IRQHandler                         0x0800020b   Thumb Code     0  startup_stm32f10x_hd.o(.text)
    UART5_IRQHandler                         0x0800020b   Thumb Code     0  startup_stm32f10x_hd.o(.text)
    USART1_IRQHandler                        0x0800020b   Thumb Code     0  startup_stm32f10x_hd.o(.text)
    USART2_IRQHandler                        0x0800020b   Thumb Code     0  startup_stm32f10x_hd.o(.text)
    USBWakeUp_IRQHandler                     0x0800020b   Thumb Code     0  startup_stm32f10x_hd.o(.text)
    USB_HP_CAN1_TX_IRQHandler                0x0800020b   Thumb Code     0  startup_stm32f10x_hd.o(.text)
    USB_LP_CAN1_RX0_IRQHandler               0x0800020b   Thumb Code     0  startup_stm32f10x_hd.o(.text)
    WWDG_IRQHandler                          0x0800020b   Thumb Code     0  startup_stm32f10x_hd.o(.text)
    __user_initial_stackheap                 0x0800020d   Thumb Code     0  startup_stm32f10x_hd.o(.text)
    __aeabi_errno_addr                       0x08000231   Thumb Code     8  rt_errno_addr_intlibspace.o(.text)
    __errno$intlibspace                      0x08000231   Thumb Code     0  rt_errno_addr_intlibspace.o(.text)
    __rt_errno_addr$intlibspace              0x08000231   Thumb Code     0  rt_errno_addr_intlibspace.o(.text)
    __2sprintf                               0x08000239   Thumb Code    38  __2sprintf.o(.text)
    _printf_int_dec                          0x08000265   Thumb Code   104  _printf_dec.o(.text)
    _printf_int_hex                          0x080002dd   Thumb Code    84  _printf_hex_int.o(.text)
    _printf_longlong_hex                     0x080002dd   Thumb Code     0  _printf_hex_int.o(.text)
    __printf                                 0x08000335   Thumb Code   388  __printf_flags_ss_wp.o(.text)
    strcmp                                   0x080004bd   Thumb Code   128  strcmpv7m.o(.text)
    __use_two_region_memory                  0x0800053d   Thumb Code     2  heapauxi.o(.text)
    __rt_heap_escrow                         0x0800053f   Thumb Code     2  heapauxi.o(.text)
    __rt_heap_expand                         0x08000541   Thumb Code     2  heapauxi.o(.text)
    __user_libspace                          0x08000545   Thumb Code     8  libspace.o(.text)
    __user_perproc_libspace                  0x08000545   Thumb Code     0  libspace.o(.text)
    __user_perthread_libspace                0x08000545   Thumb Code     0  libspace.o(.text)
    __rt_locale                              0x0800054d   Thumb Code     8  rt_locale_intlibspace.o(.text)
    __read_errno                             0x08000555   Thumb Code    10  _rserrno.o(.text)
    __set_errno                              0x0800055f   Thumb Code    12  _rserrno.o(.text)
    _printf_int_common                       0x0800056b   Thumb Code   178  _printf_intcommon.o(.text)
    __lib_sel_fp_printf                      0x0800061d   Thumb Code     2  _printf_fp_dec.o(.text)
    _printf_fp_dec_real                      0x080007cf   Thumb Code   620  _printf_fp_dec.o(.text)
    _printf_char_common                      0x08000a47   Thumb Code    32  _printf_char_common.o(.text)
    _sputc                                   0x08000a6d   Thumb Code    10  _sputc.o(.text)
    __I$use$semihosting                      0x08000a77   Thumb Code     0  use_no_semi.o(.text)
    __use_no_semihosting_swi                 0x08000a77   Thumb Code     2  use_no_semi.o(.text)
    __semihosting_library_function           0x08000a79   Thumb Code     0  indicate_semi.o(.text)
    _ll_udiv10                               0x08000a79   Thumb Code   138  lludiv10.o(.text)
    _printf_fp_infnan                        0x08000b05   Thumb Code   112  _printf_fp_infnan.o(.text)
    _btod_etento                             0x08000b85   Thumb Code   224  bigflt0.o(.text)
    __user_setup_stackheap                   0x08000c69   Thumb Code    74  sys_stackheap_outer.o(.text)
    exit                                     0x08000cb3   Thumb Code    18  exit.o(.text)
    _sys_exit                                0x08000cc5   Thumb Code     8  sys_exit.o(.text)
    _btod_d2e                                0x08000cd1   Thumb Code    62  btod.o(CL$$btod_d2e)
    _d2e_denorm_low                          0x08000d0f   Thumb Code    70  btod.o(CL$$btod_d2e_denorm_low)
    _d2e_norm_op1                            0x08000d55   Thumb Code    96  btod.o(CL$$btod_d2e_norm_op1)
    __btod_div_common                        0x08000db5   Thumb Code   696  btod.o(CL$$btod_div_common)
    _e2e                                     0x080010ed   Thumb Code   220  btod.o(CL$$btod_e2e)
    _btod_ediv                               0x080011c9   Thumb Code    42  btod.o(CL$$btod_ediv)
    _btod_emul                               0x080011f3   Thumb Code    42  btod.o(CL$$btod_emul)
    __btod_mult_common                       0x0800121d   Thumb Code   580  btod.o(CL$$btod_mult_common)
    Delay                                    0x08001461   Thumb Code    30  main.o(i.Delay)
    Drow_Touch_Point                         0x0800147f   Thumb Code    98  touch.o(i.Drow_Touch_Point)
    EXTI4_IRQHandler                         0x080014e1   Thumb Code    24  stm32f10x_it.o(i.EXTI4_IRQHandler)
    EXTI_ClearITPendingBit                   0x080014fd   Thumb Code     6  stm32f10x_exti.o(i.EXTI_ClearITPendingBit)
    EXTI_GenerateSWInterrupt                 0x08001509   Thumb Code    12  stm32f10x_exti.o(i.EXTI_GenerateSWInterrupt)
    EXTI_GetITStatus                         0x08001519   Thumb Code    34  stm32f10x_exti.o(i.EXTI_GetITStatus)
    EXTI_Init                                0x08001541   Thumb Code   142  stm32f10x_exti.o(i.EXTI_Init)
    GPIO_EXTILineConfig                      0x080015d5   Thumb Code    60  stm32f10x_gpio.o(i.GPIO_EXTILineConfig)
    GPIO_Init                                0x08001615   Thumb Code   278  stm32f10x_gpio.o(i.GPIO_Init)
    GPIO_Write                               0x0800172b   Thumb Code     4  stm32f10x_gpio.o(i.GPIO_Write)
    Get_Adjdata                              0x08001731   Thumb Code   222  touch.o(i.Get_Adjdata)
    I2C_AcknowledgeConfig                    0x08001819   Thumb Code    24  stm32f10x_i2c.o(i.I2C_AcknowledgeConfig)
    I2C_CheckEvent                           0x08001831   Thumb Code    42  stm32f10x_i2c.o(i.I2C_CheckEvent)
    I2C_ClearFlag                            0x0800185b   Thumb Code    12  stm32f10x_i2c.o(i.I2C_ClearFlag)
    I2C_Cmd                                  0x08001867   Thumb Code    24  stm32f10x_i2c.o(i.I2C_Cmd)
    I2C_Configuration                        0x08001881   Thumb Code    88  24c02.o(i.I2C_Configuration)
    I2C_EE_BufferRead                        0x080018e5   Thumb Code   218  24c02.o(i.I2C_EE_BufferRead)
    I2C_EE_BufferWrite                       0x080019d1   Thumb Code   300  24c02.o(i.I2C_EE_BufferWrite)
    I2C_EE_Init                              0x08001afd   Thumb Code    14  24c02.o(i.I2C_EE_Init)
    I2C_EE_PageWrite                         0x08001b11   Thumb Code   144  24c02.o(i.I2C_EE_PageWrite)
    I2C_EE_WaitEepromStandbyState            0x08001bb1   Thumb Code    72  24c02.o(i.I2C_EE_WaitEepromStandbyState)
    I2C_GenerateSTART                        0x08001c05   Thumb Code    24  stm32f10x_i2c.o(i.I2C_GenerateSTART)
    I2C_GenerateSTOP                         0x08001c1d   Thumb Code    24  stm32f10x_i2c.o(i.I2C_GenerateSTOP)
    I2C_GetFlagStatus                        0x08001c35   Thumb Code    58  stm32f10x_i2c.o(i.I2C_GetFlagStatus)
    I2C_Init                                 0x08001c71   Thumb Code   222  stm32f10x_i2c.o(i.I2C_Init)
    I2C_ReadRegister                         0x08001d5d   Thumb Code    22  stm32f10x_i2c.o(i.I2C_ReadRegister)
    I2C_ReceiveData                          0x08001d73   Thumb Code     8  stm32f10x_i2c.o(i.I2C_ReceiveData)
    I2C_Send7bitAddress                      0x08001d7b   Thumb Code    18  stm32f10x_i2c.o(i.I2C_Send7bitAddress)
    I2C_SendData                             0x08001d8d   Thumb Code     4  stm32f10x_i2c.o(i.I2C_SendData)
    LCD_CLEAR                                0x08001d91   Thumb Code    38  lcd.o(i.LCD_CLEAR)
    LCD_CONFIGURATION                        0x08001db9   Thumb Code    64  lcd.o(i.LCD_CONFIGURATION)
    LCD_DRAW_CIRCLE                          0x08001e01   Thumb Code   176  lcd.o(i.LCD_DRAW_CIRCLE)
    LCD_DRAW_LINE                            0x08001eb1   Thumb Code   184  lcd.o(i.LCD_DRAW_LINE)
    LCD_DRAW_PICTURE                         0x08001f69   Thumb Code    96  lcd.o(i.LCD_DRAW_PICTURE)
    LCD_DRAW_POINT                           0x08001fcd   Thumb Code    30  lcd.o(i.LCD_DRAW_POINT)
    LCD_Delay                                0x08001feb   Thumb Code    32  lcd.o(i.LCD_Delay)
    LCD_INIT                                 0x0800200d   Thumb Code  1180  lcd.o(i.LCD_INIT)
    LCD_READ_DATA                            0x080024a9   Thumb Code    72  lcd.o(i.LCD_READ_DATA)
    LCD_READ_REG                             0x080024fd   Thumb Code    62  lcd.o(i.LCD_READ_REG)
    LCD_SET_CURSOR                           0x08002549   Thumb Code    70  lcd.o(i.LCD_SET_CURSOR)
    LCD_SET_DISPLAY_WINDOW                   0x08002595   Thumb Code   106  lcd.o(i.LCD_SET_DISPLAY_WINDOW)
    LCD_SHOW_STRING                          0x08002605   Thumb Code    78  lcd.o(i.LCD_SHOW_STRING)
    LCD_ShowChar                             0x08002655   Thumb Code   266  lcd.o(i.LCD_ShowChar)
    LCD_ShowCharString                       0x0800276d   Thumb Code    72  lcd.o(i.LCD_ShowCharString)
    LCD_ShowHzString                         0x080027b5   Thumb Code    96  lcd.o(i.LCD_ShowHzString)
    LCD_WRITE_CMD                            0x08002819   Thumb Code    52  lcd.o(i.LCD_WRITE_CMD)
    LCD_WRITE_DATA                           0x08002859   Thumb Code    54  lcd.o(i.LCD_WRITE_DATA)
    LCD_WRITE_RAM_PREPARE                    0x0800289d   Thumb Code    10  lcd.o(i.LCD_WRITE_RAM_PREPARE)
    LCD_WRITE_REG                            0x080028a7   Thumb Code    20  lcd.o(i.LCD_WRITE_REG)
    LCD_WriteRAM                             0x080028bb   Thumb Code    12  lcd.o(i.LCD_WriteRAM)
    MFRC522_AntennaOn                        0x080028c7   Thumb Code    26  rc522.o(i.MFRC522_AntennaOn)
    MFRC522_Anticoll                         0x080028e1   Thumb Code    74  rc522.o(i.MFRC522_Anticoll)
    MFRC522_ClearBitMask                     0x0800292b   Thumb Code    26  rc522.o(i.MFRC522_ClearBitMask)
    MFRC522_Init                             0x08002945   Thumb Code    68  rc522.o(i.MFRC522_Init)
    MFRC522_ReadRegister                     0x08002989   Thumb Code    26  rc522.o(i.MFRC522_ReadRegister)
    MFRC522_Request                          0x080029a3   Thumb Code    50  rc522.o(i.MFRC522_Request)
    MFRC522_Reset                            0x080029d5   Thumb Code    12  rc522.o(i.MFRC522_Reset)
    MFRC522_SetBitMask                       0x080029e1   Thumb Code    26  rc522.o(i.MFRC522_SetBitMask)
    MFRC522_ToCard                           0x080029fb   Thumb Code   298  rc522.o(i.MFRC522_ToCard)
    MFRC522_WriteRegister                    0x08002b25   Thumb Code    22  rc522.o(i.MFRC522_WriteRegister)
    NVIC_Configuration                       0x08002b3b   Thumb Code    42  main.o(i.NVIC_Configuration)
    NVIC_Configuration_USART3                0x08002b65   Thumb Code    40  main.o(i.NVIC_Configuration_USART3)
    NVIC_Init                                0x08002b8d   Thumb Code   100  misc.o(i.NVIC_Init)
    NVIC_PriorityGroupConfig                 0x08002bfd   Thumb Code    10  misc.o(i.NVIC_PriorityGroupConfig)
    Nhan_dang_RFID                           0x08002c11   Thumb Code   234  main.o(i.Nhan_dang_RFID)
    Nhan_dang_vantay                         0x08002d49   Thumb Code   286  main.o(i.Nhan_dang_vantay)
    RCC_APB1PeriphClockCmd                   0x08002f19   Thumb Code    26  stm32f10x_rcc.o(i.RCC_APB1PeriphClockCmd)
    RCC_APB2PeriphClockCmd                   0x08002f39   Thumb Code    26  stm32f10x_rcc.o(i.RCC_APB2PeriphClockCmd)
    RCC_Configuration                        0x08002f59   Thumb Code   148  main.o(i.RCC_Configuration)
    RCC_DeInit                               0x08002fed   Thumb Code    64  stm32f10x_rcc.o(i.RCC_DeInit)
    RCC_GetClocksFreq                        0x08003039   Thumb Code   192  stm32f10x_rcc.o(i.RCC_GetClocksFreq)
    RCC_GetFlagStatus                        0x0800310d   Thumb Code    56  stm32f10x_rcc.o(i.RCC_GetFlagStatus)
    RCC_GetSYSCLKSource                      0x08003149   Thumb Code    10  stm32f10x_rcc.o(i.RCC_GetSYSCLKSource)
    RCC_HCLKConfig                           0x08003159   Thumb Code    18  stm32f10x_rcc.o(i.RCC_HCLKConfig)
    RCC_HSEConfig                            0x08003171   Thumb Code    70  stm32f10x_rcc.o(i.RCC_HSEConfig)
    RCC_PCLK1Config                          0x080031bd   Thumb Code    18  stm32f10x_rcc.o(i.RCC_PCLK1Config)
    RCC_PCLK2Config                          0x080031d5   Thumb Code    20  stm32f10x_rcc.o(i.RCC_PCLK2Config)
    RCC_PLLCmd                               0x080031ed   Thumb Code     6  stm32f10x_rcc.o(i.RCC_PLLCmd)
    RCC_PLLConfig                            0x080031f9   Thumb Code    24  stm32f10x_rcc.o(i.RCC_PLLConfig)
    RCC_SYSCLKConfig                         0x08003215   Thumb Code    18  stm32f10x_rcc.o(i.RCC_SYSCLKConfig)
    RCC_WaitForHSEStartUp                    0x0800322d   Thumb Code    56  stm32f10x_rcc.o(i.RCC_WaitForHSEStartUp)
    SD_GetCSD                                0x08003265   Thumb Code    36  sd_driver.o(i.SD_GetCSD)
    SD_GetCapacity                           0x08003289   Thumb Code   166  sd_driver.o(i.SD_GetCapacity)
    SD_Init                                  0x08003331   Thumb Code   476  sd_driver.o(i.SD_Init)
    SD_ReadMultiBlock                        0x08003515   Thumb Code   108  sd_driver.o(i.SD_ReadMultiBlock)
    SD_ReadSingleBlock                       0x08003585   Thumb Code    54  sd_driver.o(i.SD_ReadSingleBlock)
    SD_ReceiveData                           0x080035bd   Thumb Code   130  sd_driver.o(i.SD_ReceiveData)
    SD_SendCommand                           0x08003645   Thumb Code   122  sd_driver.o(i.SD_SendCommand)
    SD_SendCommand_NoDeassert                0x080036c5   Thumb Code   104  sd_driver.o(i.SD_SendCommand_NoDeassert)
    SD_WaitReady                             0x08003731   Thumb Code    34  sd_driver.o(i.SD_WaitReady)
    SD_WriteMultiBlock                       0x08003755   Thumb Code   244  sd_driver.o(i.SD_WriteMultiBlock)
    SD_WriteSingleBlock                      0x08003851   Thumb Code   216  sd_driver.o(i.SD_WriteSingleBlock)
    SPI_Cmd                                  0x08003931   Thumb Code    24  stm32f10x_spi.o(i.SPI_Cmd)
    SPI_Configuration                        0x08003949   Thumb Code   208  sd_driver.o(i.SPI_Configuration)
    SPI_I2S_GetFlagStatus                    0x08003a25   Thumb Code    18  stm32f10x_spi.o(i.SPI_I2S_GetFlagStatus)
    SPI_I2S_ReceiveData                      0x08003a37   Thumb Code     6  stm32f10x_spi.o(i.SPI_I2S_ReceiveData)
    SPI_I2S_SendData                         0x08003a3d   Thumb Code     4  stm32f10x_spi.o(i.SPI_I2S_SendData)
    SPI_Init                                 0x08003a41   Thumb Code    60  stm32f10x_spi.o(i.SPI_Init)
    SPI_ReadWriteByte                        0x08003a7d   Thumb Code    50  sd_driver.o(i.SPI_ReadWriteByte)
    SPI_SetSpeed                             0x08003ab5   Thumb Code    84  sd_driver.o(i.SPI_SetSpeed)
    SPIySendByte                             0x08003b0d   Thumb Code    50  spi.o(i.SPIySendByte)
    SPIy_ReadReg                             0x08003b45   Thumb Code    36  spi.o(i.SPIy_ReadReg)
    SPIy_WriteReg                            0x08003b6d   Thumb Code    34  spi.o(i.SPIy_WriteReg)
    Save_Adjdata                             0x08003b95   Thumb Code   192  touch.o(i.Save_Adjdata)
    SystemInit                               0x08003d45   Thumb Code    78  system_stm32f10x.o(i.SystemInit)
    TOUCH_ADS7483_ADJUST                     0x08003da5   Thumb Code  1152  touch.o(i.TOUCH_ADS7483_ADJUST)
    TOUCH_ADS7483_CONVERT_POSITION           0x08004235   Thumb Code   140  touch.o(i.TOUCH_ADS7483_CONVERT_POSITION)
    TOUCH_ADS7483_READ_ADS                   0x080042cd   Thumb Code    42  touch.o(i.TOUCH_ADS7483_READ_ADS)
    TOUCH_ADS7483_READ_ADS_2                 0x080042f7   Thumb Code   192  touch.o(i.TOUCH_ADS7483_READ_ADS_2)
    TOUCH_ADS7483_READ_BYTE_AD               0x080043b9   Thumb Code   110  touch.o(i.TOUCH_ADS7483_READ_BYTE_AD)
    TOUCH_ADS7483_READ_TP_ONCE               0x08004439   Thumb Code    64  touch.o(i.TOUCH_ADS7483_READ_TP_ONCE)
    TOUCH_ADS7483_READ_XY                    0x08004481   Thumb Code   124  touch.o(i.TOUCH_ADS7483_READ_XY)
    TOUCH_ADS7483_WRITE_BYTE                 0x080044fd   Thumb Code    56  touch.o(i.TOUCH_ADS7483_WRITE_BYTE)
    TOUCH_CONFIGURATION                      0x0800453d   Thumb Code    96  touch.o(i.TOUCH_CONFIGURATION)
    TOUCH_INIT                               0x080045a5   Thumb Code    84  touch.o(i.TOUCH_INIT)
    TOUCH_PEN_INT_SET                        0x08004601   Thumb Code    30  touch.o(i.TOUCH_PEN_INT_SET)
    TOUCH_PRESS                              0x08004625   Thumb Code    56  touch.o(i.TOUCH_PRESS)
    USART3_IRQHandler                        0x08004665   Thumb Code    94  main.o(i.USART3_IRQHandler)
    USART_Cmd                                0x080046d5   Thumb Code    24  stm32f10x_usart.o(i.USART_Cmd)
    USART_GetFlagStatus                      0x080046ed   Thumb Code    26  stm32f10x_usart.o(i.USART_GetFlagStatus)
    USART_ITConfig                           0x08004707   Thumb Code    74  stm32f10x_usart.o(i.USART_ITConfig)
    USART_Init                               0x08004751   Thumb Code   210  stm32f10x_usart.o(i.USART_Init)
    USART_ReceiveData                        0x08004829   Thumb Code    10  stm32f10x_usart.o(i.USART_ReceiveData)
    USART_SendChar                           0x08004833   Thumb Code    30  usart.o(i.USART_SendChar)
    USART_SendData                           0x08004851   Thumb Code     8  stm32f10x_usart.o(i.USART_SendData)
    USART_SendString                         0x08004859   Thumb Code    26  usart.o(i.USART_SendString)
    USARTx_Configuration                     0x08004873   Thumb Code   122  usart.o(i.USARTx_Configuration)
    WriteOneHz                               0x080048ed   Thumb Code   174  lcd.o(i.WriteOneHz)
    __ARM_fpclassify                         0x0800499b   Thumb Code    40  fpclassify.o(i.__ARM_fpclassify)
    _is_digit                                0x080049c3   Thumb Code    14  __printf_wp.o(i._is_digit)
    bcd2bin                                  0x08004cbd   Thumb Code    20  ds1307.o(i.bcd2bin)
    bin2bcd                                  0x08004cd1   Thumb Code    28  ds1307.o(i.bin2bcd)
    check_min_max                            0x08004d55   Thumb Code    22  ds1307.o(i.check_min_max)
    createModel                              0x08004d99   Thumb Code    56  r305.o(i.createModel)
    delay_2s                                 0x08004fd9   Thumb Code    14  r305.o(i.delay_2s)
    disk_initialize                          0x08005273   Thumb Code    32  diskio.o(i.disk_initialize)
    disk_ioctl                               0x08005295   Thumb Code    98  diskio.o(i.disk_ioctl)
    disk_read                                0x080052fd   Thumb Code    68  diskio.o(i.disk_read)
    disk_status                              0x08005341   Thumb Code    12  diskio.o(i.disk_status)
    disk_write                               0x0800534d   Thumb Code    60  diskio.o(i.disk_write)
    ds1307_get_calendar_date                 0x08005389   Thumb Code    40  ds1307.o(i.ds1307_get_calendar_date)
    ds1307_get_date                          0x080053b1   Thumb Code    22  ds1307.o(i.ds1307_get_date)
    ds1307_get_day                           0x080053c7   Thumb Code    22  ds1307.o(i.ds1307_get_day)
    ds1307_get_hours_24                      0x080053dd   Thumb Code    26  ds1307.o(i.ds1307_get_hours_24)
    ds1307_get_minutes                       0x080053f7   Thumb Code    22  ds1307.o(i.ds1307_get_minutes)
    ds1307_get_month                         0x0800540d   Thumb Code    22  ds1307.o(i.ds1307_get_month)
    ds1307_get_seconds                       0x08005423   Thumb Code    22  ds1307.o(i.ds1307_get_seconds)
    ds1307_get_time_24                       0x08005439   Thumb Code    28  ds1307.o(i.ds1307_get_time_24)
    ds1307_get_year                          0x08005455   Thumb Code    22  ds1307.o(i.ds1307_get_year)
    ds1307_init                              0x0800546b   Thumb Code     8  ds1307.o(i.ds1307_init)
    ds1307_set_calendar_date                 0x08005473   Thumb Code    40  ds1307.o(i.ds1307_set_calendar_date)
    ds1307_set_date                          0x0800549b   Thumb Code    34  ds1307.o(i.ds1307_set_date)
    ds1307_set_day                           0x080054bd   Thumb Code    34  ds1307.o(i.ds1307_set_day)
    ds1307_set_hours_24                      0x080054df   Thumb Code    34  ds1307.o(i.ds1307_set_hours_24)
    ds1307_set_minutes                       0x08005501   Thumb Code    34  ds1307.o(i.ds1307_set_minutes)
    ds1307_set_month                         0x08005523   Thumb Code    34  ds1307.o(i.ds1307_set_month)
    ds1307_set_seconds                       0x08005545   Thumb Code    34  ds1307.o(i.ds1307_set_seconds)
    ds1307_set_time_24                       0x08005567   Thumb Code    28  ds1307.o(i.ds1307_set_time_24)
    ds1307_set_year                          0x08005583   Thumb Code    34  ds1307.o(i.ds1307_set_year)
    f_close                                  0x080055a5   Thumb Code    22  ff.o(i.f_close)
    f_lseek                                  0x080055bb   Thumb Code   448  ff.o(i.f_lseek)
    f_mount                                  0x0800577d   Thumb Code    38  ff.o(i.f_mount)
    f_open                                   0x080057a9   Thumb Code   396  ff.o(i.f_open)
    f_printf                                 0x08005935   Thumb Code   434  ff.o(i.f_printf)
    f_putc                                   0x08005ae7   Thumb Code    42  ff.o(i.f_putc)
    f_puts                                   0x08005b11   Thumb Code    42  ff.o(i.f_puts)
    f_sync                                   0x08005b3b   Thumb Code   184  ff.o(i.f_sync)
    f_write                                  0x08005bf3   Thumb Code   528  ff.o(i.f_write)
    findHzIndex                              0x08005e05   Thumb Code    68  lcd.o(i.findHzIndex)
    fingerEnroll                             0x08005e4d   Thumb Code   200  r305.o(i.fingerEnroll)
    fingerFastSearch                         0x08005f89   Thumb Code   142  r305.o(i.fingerFastSearch)
    fingerIDSearch                           0x08006031   Thumb Code   104  r305.o(i.fingerIDSearch)
    getImage                                 0x0800613d   Thumb Code    56  r305.o(i.getImage)
    getReply                                 0x08006181   Thumb Code   154  r305.o(i.getReply)
    get_fattime                              0x08006333   Thumb Code     4  diskio.o(i.get_fattime)
    get_rfid_id                              0x08006339   Thumb Code   118  main.o(i.get_rfid_id)
    i2c_address_direction                    0x080063cd   Thumb Code    54  i2c.o(i.i2c_address_direction)
    i2c_init                                 0x08006411   Thumb Code   102  i2c.o(i.i2c_init)
    i2c_read_with_reg                        0x08006485   Thumb Code    58  i2c.o(i.i2c_read_with_reg)
    i2c_receive_nack                         0x080064c1   Thumb Code    32  i2c.o(i.i2c_receive_nack)
    i2c_start                                0x080064e9   Thumb Code    42  i2c.o(i.i2c_start)
    i2c_stop                                 0x0800651d   Thumb Code    12  i2c.o(i.i2c_stop)
    i2c_transmit                             0x0800652d   Thumb Code    28  i2c.o(i.i2c_transmit)
    i2c_write_with_reg                       0x08006551   Thumb Code    40  i2c.o(i.i2c_write_with_reg)
    image2Tz                                 0x08006579   Thumb Code    62  r305.o(i.image2Tz)
    initSPI1                                 0x080065c5   Thumb Code   206  spi.o(i.initSPI1)
    main                                     0x0800669d   Thumb Code  3944  main.o(i.main)
    sqrt                                     0x08007afd   Thumb Code    76  sqrt.o(i.sqrt)
    storeModel                               0x08007b49   Thumb Code    70  r305.o(i.storeModel)
    verifyPassword                           0x08007c91   Thumb Code    58  r305.o(i.verifyPassword)
    writePacket                              0x08007cdd   Thumb Code   176  r305.o(i.writePacket)
    _get_lc_numeric                          0x08007d91   Thumb Code    44  lc_numeric_c.o(locale$$code)
    __fpl_dcmp_Inf                           0x08007dbd   Thumb Code    24  dcmpi.o(x$fpl$dcmpinf)
    __aeabi_d2uiz                            0x08007dd5   Thumb Code     0  dfixu.o(x$fpl$dfixu)
    _dfixu                                   0x08007dd5   Thumb Code    90  dfixu.o(x$fpl$dfixu)
    __aeabi_ui2d                             0x08007e2f   Thumb Code     0  dflt_clz.o(x$fpl$dfltu)
    _dfltu                                   0x08007e2f   Thumb Code    38  dflt_clz.o(x$fpl$dfltu)
    __aeabi_cdcmple                          0x08007e55   Thumb Code     0  dleqf.o(x$fpl$dleqf)
    _dcmple                                  0x08007e55   Thumb Code   120  dleqf.o(x$fpl$dleqf)
    __fpl_dcmple_InfNaN                      0x08007eb7   Thumb Code     0  dleqf.o(x$fpl$dleqf)
    __fpl_dnaninf                            0x08007ecd   Thumb Code   156  dnaninf.o(x$fpl$dnaninf)
    __fpl_dretinf                            0x08007f69   Thumb Code    12  dretinf.o(x$fpl$dretinf)
    __aeabi_cdrcmple                         0x08007f75   Thumb Code     0  drleqf.o(x$fpl$drleqf)
    _drcmple                                 0x08007f75   Thumb Code   108  drleqf.o(x$fpl$drleqf)
    _dsqrt                                   0x08007fe1   Thumb Code   456  dsqrt_noumaal.o(x$fpl$dsqrt)
    __aeabi_f2d                              0x080081ad   Thumb Code     0  f2d.o(x$fpl$f2d)
    _f2d                                     0x080081ad   Thumb Code    86  f2d.o(x$fpl$f2d)
    __aeabi_fadd                             0x08008205   Thumb Code     0  faddsub_clz.o(x$fpl$fadd)
    _fadd                                    0x08008205   Thumb Code   196  faddsub_clz.o(x$fpl$fadd)
    __aeabi_fdiv                             0x080082c9   Thumb Code     0  fdiv.o(x$fpl$fdiv)
    _fdiv                                    0x080082c9   Thumb Code   384  fdiv.o(x$fpl$fdiv)
    __aeabi_f2iz                             0x0800844d   Thumb Code     0  ffix.o(x$fpl$ffix)
    _ffix                                    0x0800844d   Thumb Code    54  ffix.o(x$fpl$ffix)
    __aeabi_f2uiz                            0x08008485   Thumb Code     0  ffixu.o(x$fpl$ffixu)
    _ffixu                                   0x08008485   Thumb Code    62  ffixu.o(x$fpl$ffixu)
    __aeabi_i2f                              0x080084c5   Thumb Code     0  fflt_clz.o(x$fpl$fflt)
    _fflt                                    0x080084c5   Thumb Code    48  fflt_clz.o(x$fpl$fflt)
    __aeabi_ui2f                             0x080084f5   Thumb Code     0  fflt_clz.o(x$fpl$ffltu)
    _ffltu                                   0x080084f5   Thumb Code    38  fflt_clz.o(x$fpl$ffltu)
    __aeabi_fmul                             0x0800851d   Thumb Code     0  fmul.o(x$fpl$fmul)
    _fmul                                    0x0800851d   Thumb Code   258  fmul.o(x$fpl$fmul)
    __fpl_fnaninf                            0x0800861f   Thumb Code   140  fnaninf.o(x$fpl$fnaninf)
    __fpl_fretinf                            0x080086ab   Thumb Code    10  fretinf.o(x$fpl$fretinf)
    __aeabi_frsub                            0x080086b5   Thumb Code     0  faddsub_clz.o(x$fpl$frsb)
    _frsb                                    0x080086b5   Thumb Code    20  faddsub_clz.o(x$fpl$frsb)
    __aeabi_fsub                             0x080086c9   Thumb Code     0  faddsub_clz.o(x$fpl$fsub)
    _fsub                                    0x080086c9   Thumb Code   234  faddsub_clz.o(x$fpl$fsub)
    _printf_fp_dec                           0x080087b3   Thumb Code     4  printf1.o(x$fpl$printf1)
    __I$use$fp                               0x080087b6   Number         0  usenofp.o(x$fpl$usenofp)
    asc2_1206                                0x080087b6   Data        1140  lcd.o(.constdata)
    asc2_1608                                0x08008c2a   Data        1520  lcd.o(.constdata)
    GBHZ_16                                  0x0800921a   Data        1428  lcd.o(.constdata)
    MA_7DOAN                                 0x080097ae   Data        2000  lcd.o(.constdata)
    password50_50                            0x08009f82   Data        5000  password.o(.constdata)
    gImage_myanh                             0x0800b30a   Data       153600  myanh.o(.constdata)
    gImage_r305_50_44                        0x08030b0a   Data        4400  r305_50_44.o(.constdata)
    gImage_RFID50_50                         0x08031c3a   Data        5008  rfid.o(.constdata)
    Region$$Table$$Base                      0x08033098   Number         0  anon$$obj.o(Region$$Table)
    Region$$Table$$Limit                     0x080330b8   Number         0  anon$$obj.o(Region$$Table)
    JSON_STRING                              0x20000000   Data          82  main.o(.data)
    TT_TOUCH                                 0x20000052   Data           1  main.o(.data)
    refresh                                  0x20000053   Data           1  main.o(.data)
    D                                        0x20000054   Data           1  main.o(.data)
    d                                        0x20000055   Data           1  main.o(.data)
    M                                        0x20000056   Data           1  main.o(.data)
    y                                        0x20000057   Data           1  main.o(.data)
    h                                        0x20000058   Data           1  main.o(.data)
    m                                        0x20000059   Data           1  main.o(.data)
    s                                        0x2000005a   Data           1  main.o(.data)
    ucheck                                   0x2000005b   Data           1  main.o(.data)
    i                                        0x2000005c   Data           1  main.o(.data)
    bw                                       0x20000060   Data           4  main.o(.data)
    br                                       0x20000064   Data           4  main.o(.data)
    res                                      0x20000068   Data           1  main.o(.data)
    Point_Color                              0x2000006c   Data           2  touch.o(.data)
    Back_Color                               0x2000006e   Data           2  touch.o(.data)
    EXTI_InitStructure                       0x20000070   Data           8  touch.o(.data)
    DeviceCode                               0x20000078   Data           2  lcd.o(.data)
    EEPROM_ADDRESS                           0x2000007e   Data           2  24c02.o(.data)
    SPIy                                     0x20000080   Data           4  spi.o(.data)
    fingerID                                 0x20000084   Data           2  r305.o(.data)
    confidence                               0x20000086   Data           2  r305.o(.data)
    thePassword                              0x20000088   Data           4  r305.o(.data)
    theAddress                               0x2000008c   Data           4  r305.o(.data)
    USARTy                                   0x20000090   Data           4  r305.o(.data)
    SD_Type                                  0x2000009a   Data           1  sd_driver.o(.data)
    dl                                       0x200000b0   Data          30  main.o(.bss)
    fs                                       0x200000d0   Data         560  main.o(.bss)
    fsrc                                     0x20000300   Data         548  main.o(.bss)
    buffer                                   0x20000524   Data        1024  main.o(.bss)
    Pen_Point                                0x20000924   Data          24  touch.o(.bss)
    recvPacket                               0x2000093c   Data          20  r305.o(.bss)
    __libspace_start                         0x20000950   Data          96  libspace.o(.bss)
    __temporary_stack_top$libspace           0x200009b0   Data           0  libspace.o(.bss)



==============================================================================

Memory Map of the image

  Image Entry point : 0x080001f1

  Load Region LR_1 (Base: 0x08000000, Size: 0x00033184, Max: 0xffffffff, ABSOLUTE)

    Execution Region ER_RO (Exec base: 0x08000000, Load base: 0x08000000, Size: 0x000330d4, Max: 0xffffffff, ABSOLUTE)

    Exec Addr    Load Addr    Size         Type   Attr      Idx    E Section Name        Object

    0x08000000   0x08000000   0x00000130   Data   RO         4545    RESET               startup_stm32f10x_hd.o
    0x08000130   0x08000130   0x00000008   Code   RO         4797  * !!!main             c_w.l(__main.o)
    0x08000138   0x08000138   0x00000034   Code   RO         5319    !!!scatter          c_w.l(__scatter.o)
    0x0800016c   0x0800016c   0x0000001a   Code   RO         5321    !!handler_copy      c_w.l(__scatter_copy.o)
    0x08000186   0x08000186   0x00000002   PAD
    0x08000188   0x08000188   0x0000001c   Code   RO         5323    !!handler_zi        c_w.l(__scatter_zi.o)
    0x080001a4   0x080001a4   0x00000000   Code   RO         4735    .ARM.Collect$$_printf_percent$$00000000  c_w.l(_printf_percent.o)
    0x080001a4   0x080001a4   0x00000006   Code   RO         4733    .ARM.Collect$$_printf_percent$$00000003  c_w.l(_printf_f.o)
    0x080001aa   0x080001aa   0x00000006   Code   RO         4731    .ARM.Collect$$_printf_percent$$00000009  c_w.l(_printf_d.o)
    0x080001b0   0x080001b0   0x00000006   Code   RO         4729    .ARM.Collect$$_printf_percent$$0000000C  c_w.l(_printf_x.o)
    0x080001b6   0x080001b6   0x00000004   Code   RO         4946    .ARM.Collect$$_printf_percent$$00000017  c_w.l(_printf_percent_end.o)
    0x080001ba   0x080001ba   0x00000002   Code   RO         5227    .ARM.Collect$$libinit$$00000000  c_w.l(libinit.o)
    0x080001bc   0x080001bc   0x00000000   Code   RO         4982    .ARM.Collect$$libinit$$00000002  c_w.l(libinit2.o)
    0x080001bc   0x080001bc   0x00000000   Code   RO         4984    .ARM.Collect$$libinit$$00000004  c_w.l(libinit2.o)
    0x080001bc   0x080001bc   0x00000000   Code   RO         4987    .ARM.Collect$$libinit$$0000000A  c_w.l(libinit2.o)
    0x080001bc   0x080001bc   0x00000000   Code   RO         4989    .ARM.Collect$$libinit$$0000000C  c_w.l(libinit2.o)
    0x080001bc   0x080001bc   0x00000000   Code   RO         4991    .ARM.Collect$$libinit$$0000000E  c_w.l(libinit2.o)
    0x080001bc   0x080001bc   0x00000006   Code   RO         4992    .ARM.Collect$$libinit$$0000000F  c_w.l(libinit2.o)
    0x080001c2   0x080001c2   0x00000000   Code   RO         4994    .ARM.Collect$$libinit$$00000011  c_w.l(libinit2.o)
    0x080001c2   0x080001c2   0x00000000   Code   RO         4996    .ARM.Collect$$libinit$$00000013  c_w.l(libinit2.o)
    0x080001c2   0x080001c2   0x00000000   Code   RO         4998    .ARM.Collect$$libinit$$00000015  c_w.l(libinit2.o)
    0x080001c2   0x080001c2   0x0000000a   Code   RO         4999    .ARM.Collect$$libinit$$00000016  c_w.l(libinit2.o)
    0x080001cc   0x080001cc   0x00000000   Code   RO         5000    .ARM.Collect$$libinit$$00000017  c_w.l(libinit2.o)
    0x080001cc   0x080001cc   0x00000000   Code   RO         5002    .ARM.Collect$$libinit$$00000019  c_w.l(libinit2.o)
    0x080001cc   0x080001cc   0x00000000   Code   RO         5004    .ARM.Collect$$libinit$$0000001B  c_w.l(libinit2.o)
    0x080001cc   0x080001cc   0x00000000   Code   RO         5006    .ARM.Collect$$libinit$$0000001D  c_w.l(libinit2.o)
    0x080001cc   0x080001cc   0x00000000   Code   RO         5008    .ARM.Collect$$libinit$$0000001F  c_w.l(libinit2.o)
    0x080001cc   0x080001cc   0x00000000   Code   RO         5010    .ARM.Collect$$libinit$$00000021  c_w.l(libinit2.o)
    0x080001cc   0x080001cc   0x00000000   Code   RO         5012    .ARM.Collect$$libinit$$00000023  c_w.l(libinit2.o)
    0x080001cc   0x080001cc   0x00000000   Code   RO         5014    .ARM.Collect$$libinit$$00000025  c_w.l(libinit2.o)
    0x080001cc   0x080001cc   0x00000000   Code   RO         5018    .ARM.Collect$$libinit$$0000002C  c_w.l(libinit2.o)
    0x080001cc   0x080001cc   0x00000000   Code   RO         5020    .ARM.Collect$$libinit$$0000002E  c_w.l(libinit2.o)
    0x080001cc   0x080001cc   0x00000000   Code   RO         5022    .ARM.Collect$$libinit$$00000030  c_w.l(libinit2.o)
    0x080001cc   0x080001cc   0x00000000   Code   RO         5024    .ARM.Collect$$libinit$$00000032  c_w.l(libinit2.o)
    0x080001cc   0x080001cc   0x00000002   Code   RO         5025    .ARM.Collect$$libinit$$00000033  c_w.l(libinit2.o)
    0x080001ce   0x080001ce   0x00000002   Code   RO         5316    .ARM.Collect$$libshutdown$$00000000  c_w.l(libshutdown.o)
    0x080001d0   0x080001d0   0x00000000   Code   RO         5229    .ARM.Collect$$libshutdown$$00000002  c_w.l(libshutdown2.o)
    0x080001d0   0x080001d0   0x00000000   Code   RO         5231    .ARM.Collect$$libshutdown$$00000004  c_w.l(libshutdown2.o)
    0x080001d0   0x080001d0   0x00000000   Code   RO         5234    .ARM.Collect$$libshutdown$$00000007  c_w.l(libshutdown2.o)
    0x080001d0   0x080001d0   0x00000000   Code   RO         5237    .ARM.Collect$$libshutdown$$0000000A  c_w.l(libshutdown2.o)
    0x080001d0   0x080001d0   0x00000000   Code   RO         5239    .ARM.Collect$$libshutdown$$0000000C  c_w.l(libshutdown2.o)
    0x080001d0   0x080001d0   0x00000000   Code   RO         5242    .ARM.Collect$$libshutdown$$0000000F  c_w.l(libshutdown2.o)
    0x080001d0   0x080001d0   0x00000002   Code   RO         5243    .ARM.Collect$$libshutdown$$00000010  c_w.l(libshutdown2.o)
    0x080001d2   0x080001d2   0x00000000   Code   RO         4903    .ARM.Collect$$rtentry$$00000000  c_w.l(__rtentry.o)
    0x080001d2   0x080001d2   0x00000000   Code   RO         5075    .ARM.Collect$$rtentry$$00000002  c_w.l(__rtentry2.o)
    0x080001d2   0x080001d2   0x00000006   Code   RO         5087    .ARM.Collect$$rtentry$$00000004  c_w.l(__rtentry4.o)
    0x080001d8   0x080001d8   0x00000000   Code   RO         5077    .ARM.Collect$$rtentry$$00000009  c_w.l(__rtentry2.o)
    0x080001d8   0x080001d8   0x00000004   Code   RO         5078    .ARM.Collect$$rtentry$$0000000A  c_w.l(__rtentry2.o)
    0x080001dc   0x080001dc   0x00000000   Code   RO         5080    .ARM.Collect$$rtentry$$0000000C  c_w.l(__rtentry2.o)
    0x080001dc   0x080001dc   0x00000008   Code   RO         5081    .ARM.Collect$$rtentry$$0000000D  c_w.l(__rtentry2.o)
    0x080001e4   0x080001e4   0x00000002   Code   RO         5252    .ARM.Collect$$rtexit$$00000000  c_w.l(rtexit.o)
    0x080001e6   0x080001e6   0x00000000   Code   RO         5289    .ARM.Collect$$rtexit$$00000002  c_w.l(rtexit2.o)
    0x080001e6   0x080001e6   0x00000004   Code   RO         5290    .ARM.Collect$$rtexit$$00000003  c_w.l(rtexit2.o)
    0x080001ea   0x080001ea   0x00000006   Code   RO         5291    .ARM.Collect$$rtexit$$00000004  c_w.l(rtexit2.o)
    0x080001f0   0x080001f0   0x00000040   Code   RO         4546  * .text               startup_stm32f10x_hd.o
    0x08000230   0x08000230   0x00000008   Code   RO         4603    .text               c_w.l(rt_errno_addr_intlibspace.o)
    0x08000238   0x08000238   0x0000002c   Code   RO         4675    .text               c_w.l(__2sprintf.o)
    0x08000264   0x08000264   0x00000078   Code   RO         4685    .text               c_w.l(_printf_dec.o)
    0x080002dc   0x080002dc   0x00000058   Code   RO         4690    .text               c_w.l(_printf_hex_int.o)
    0x08000334   0x08000334   0x00000188   Code   RO         4725    .text               c_w.l(__printf_flags_ss_wp.o)
    0x080004bc   0x080004bc   0x00000080   Code   RO         4793    .text               c_w.l(strcmpv7m.o)
    0x0800053c   0x0800053c   0x00000006   Code   RO         4795    .text               c_w.l(heapauxi.o)
    0x08000542   0x08000542   0x00000002   PAD
    0x08000544   0x08000544   0x00000008   Code   RO         4898    .text               c_w.l(libspace.o)
    0x0800054c   0x0800054c   0x00000008   Code   RO         4912    .text               c_w.l(rt_locale_intlibspace.o)
    0x08000554   0x08000554   0x00000016   Code   RO         4934    .text               c_w.l(_rserrno.o)
    0x0800056a   0x0800056a   0x000000b2   Code   RO         4936    .text               c_w.l(_printf_intcommon.o)
    0x0800061c   0x0800061c   0x0000041e   Code   RO         4938    .text               c_w.l(_printf_fp_dec.o)
    0x08000a3a   0x08000a3a   0x00000002   PAD
    0x08000a3c   0x08000a3c   0x00000030   Code   RO         4940    .text               c_w.l(_printf_char_common.o)
    0x08000a6c   0x08000a6c   0x0000000a   Code   RO         4942    .text               c_w.l(_sputc.o)
    0x08000a76   0x08000a76   0x00000002   Code   RO         5071    .text               c_w.l(use_no_semi.o)
    0x08000a78   0x08000a78   0x00000000   Code   RO         5073    .text               c_w.l(indicate_semi.o)
    0x08000a78   0x08000a78   0x0000008a   Code   RO         5097    .text               c_w.l(lludiv10.o)
    0x08000b02   0x08000b02   0x00000002   PAD
    0x08000b04   0x08000b04   0x00000080   Code   RO         5101    .text               c_w.l(_printf_fp_infnan.o)
    0x08000b84   0x08000b84   0x000000e4   Code   RO         5107    .text               c_w.l(bigflt0.o)
    0x08000c68   0x08000c68   0x0000004a   Code   RO         5182    .text               c_w.l(sys_stackheap_outer.o)
    0x08000cb2   0x08000cb2   0x00000012   Code   RO         5208    .text               c_w.l(exit.o)
    0x08000cc4   0x08000cc4   0x0000000c   Code   RO         5250    .text               c_w.l(sys_exit.o)
    0x08000cd0   0x08000cd0   0x0000003e   Code   RO         5110    CL$$btod_d2e        c_w.l(btod.o)
    0x08000d0e   0x08000d0e   0x00000046   Code   RO         5112    CL$$btod_d2e_denorm_low  c_w.l(btod.o)
    0x08000d54   0x08000d54   0x00000060   Code   RO         5111    CL$$btod_d2e_norm_op1  c_w.l(btod.o)
    0x08000db4   0x08000db4   0x00000338   Code   RO         5120    CL$$btod_div_common  c_w.l(btod.o)
    0x080010ec   0x080010ec   0x000000dc   Code   RO         5117    CL$$btod_e2e        c_w.l(btod.o)
    0x080011c8   0x080011c8   0x0000002a   Code   RO         5114    CL$$btod_ediv       c_w.l(btod.o)
    0x080011f2   0x080011f2   0x0000002a   Code   RO         5113    CL$$btod_emul       c_w.l(btod.o)
    0x0800121c   0x0800121c   0x00000244   Code   RO         5119    CL$$btod_mult_common  c_w.l(btod.o)
    0x08001460   0x08001460   0x0000001e   Code   RO            4    i.Delay             main.o
    0x0800147e   0x0800147e   0x00000062   Code   RO          239    i.Drow_Touch_Point  touch.o
    0x080014e0   0x080014e0   0x0000001c   Code   RO          732    i.EXTI4_IRQHandler  stm32f10x_it.o
    0x080014fc   0x080014fc   0x0000000c   Code   RO         3531    i.EXTI_ClearITPendingBit  stm32f10x_exti.o
    0x08001508   0x08001508   0x00000010   Code   RO         3533    i.EXTI_GenerateSWInterrupt  stm32f10x_exti.o
    0x08001518   0x08001518   0x00000028   Code   RO         3535    i.EXTI_GetITStatus  stm32f10x_exti.o
    0x08001540   0x08001540   0x00000094   Code   RO         3536    i.EXTI_Init         stm32f10x_exti.o
    0x080015d4   0x080015d4   0x00000040   Code   RO         3599    i.GPIO_EXTILineConfig  stm32f10x_gpio.o
    0x08001614   0x08001614   0x00000116   Code   RO         3602    i.GPIO_Init         stm32f10x_gpio.o
    0x0800172a   0x0800172a   0x00000004   Code   RO         3612    i.GPIO_Write        stm32f10x_gpio.o
    0x0800172e   0x0800172e   0x00000002   PAD
    0x08001730   0x08001730   0x000000e8   Code   RO          240    i.Get_Adjdata       touch.o
    0x08001818   0x08001818   0x00000018   Code   RO         3723    i.I2C_AcknowledgeConfig  stm32f10x_i2c.o
    0x08001830   0x08001830   0x0000002a   Code   RO         3725    i.I2C_CheckEvent    stm32f10x_i2c.o
    0x0800185a   0x0800185a   0x0000000c   Code   RO         3726    i.I2C_ClearFlag     stm32f10x_i2c.o
    0x08001866   0x08001866   0x00000018   Code   RO         3728    i.I2C_Cmd           stm32f10x_i2c.o
    0x0800187e   0x0800187e   0x00000002   PAD
    0x08001880   0x08001880   0x00000064   Code   RO          666    i.I2C_Configuration  24c02.o
    0x080018e4   0x080018e4   0x000000ec   Code   RO          667    i.I2C_EE_BufferRead  24c02.o
    0x080019d0   0x080019d0   0x0000012c   Code   RO          668    i.I2C_EE_BufferWrite  24c02.o
    0x08001afc   0x08001afc   0x00000014   Code   RO          670    i.I2C_EE_Init       24c02.o
    0x08001b10   0x08001b10   0x000000a0   Code   RO          671    i.I2C_EE_PageWrite  24c02.o
    0x08001bb0   0x08001bb0   0x00000054   Code   RO          672    i.I2C_EE_WaitEepromStandbyState  24c02.o
    0x08001c04   0x08001c04   0x00000018   Code   RO         3735    i.I2C_GenerateSTART  stm32f10x_i2c.o
    0x08001c1c   0x08001c1c   0x00000018   Code   RO         3736    i.I2C_GenerateSTOP  stm32f10x_i2c.o
    0x08001c34   0x08001c34   0x0000003a   Code   RO         3737    i.I2C_GetFlagStatus  stm32f10x_i2c.o
    0x08001c6e   0x08001c6e   0x00000002   PAD
    0x08001c70   0x08001c70   0x000000ec   Code   RO         3742    i.I2C_Init          stm32f10x_i2c.o
    0x08001d5c   0x08001d5c   0x00000016   Code   RO         3746    i.I2C_ReadRegister  stm32f10x_i2c.o
    0x08001d72   0x08001d72   0x00000008   Code   RO         3747    i.I2C_ReceiveData   stm32f10x_i2c.o
    0x08001d7a   0x08001d7a   0x00000012   Code   RO         3749    i.I2C_Send7bitAddress  stm32f10x_i2c.o
    0x08001d8c   0x08001d8c   0x00000004   Code   RO         3750    i.I2C_SendData      stm32f10x_i2c.o
    0x08001d90   0x08001d90   0x00000026   Code   RO          373    i.LCD_CLEAR         lcd.o
    0x08001db6   0x08001db6   0x00000002   PAD
    0x08001db8   0x08001db8   0x00000048   Code   RO          375    i.LCD_CONFIGURATION  lcd.o
    0x08001e00   0x08001e00   0x000000b0   Code   RO          376    i.LCD_DRAW_CIRCLE   lcd.o
    0x08001eb0   0x08001eb0   0x000000b8   Code   RO          380    i.LCD_DRAW_LINE     lcd.o
    0x08001f68   0x08001f68   0x00000064   Code   RO          382    i.LCD_DRAW_PICTURE  lcd.o
    0x08001fcc   0x08001fcc   0x0000001e   Code   RO          383    i.LCD_DRAW_POINT    lcd.o
    0x08001fea   0x08001fea   0x00000020   Code   RO          388    i.LCD_Delay         lcd.o
    0x0800200a   0x0800200a   0x00000002   PAD
    0x0800200c   0x0800200c   0x0000049c   Code   RO          392    i.LCD_INIT          lcd.o
    0x080024a8   0x080024a8   0x00000054   Code   RO          635    i.LCD_READ_DATA     lcd.o
    0x080024fc   0x080024fc   0x0000004c   Code   RO          393    i.LCD_READ_REG      lcd.o
    0x08002548   0x08002548   0x0000004c   Code   RO          395    i.LCD_SET_CURSOR    lcd.o
    0x08002594   0x08002594   0x00000070   Code   RO          396    i.LCD_SET_DISPLAY_WINDOW  lcd.o
    0x08002604   0x08002604   0x0000004e   Code   RO          400    i.LCD_SHOW_STRING   lcd.o
    0x08002652   0x08002652   0x00000002   PAD
    0x08002654   0x08002654   0x00000118   Code   RO          401    i.LCD_ShowChar      lcd.o
    0x0800276c   0x0800276c   0x00000048   Code   RO          402    i.LCD_ShowCharString  lcd.o
    0x080027b4   0x080027b4   0x00000064   Code   RO          403    i.LCD_ShowHzString  lcd.o
    0x08002818   0x08002818   0x00000040   Code   RO          406    i.LCD_WRITE_CMD     lcd.o
    0x08002858   0x08002858   0x00000044   Code   RO          407    i.LCD_WRITE_DATA    lcd.o
    0x0800289c   0x0800289c   0x0000000a   Code   RO          408    i.LCD_WRITE_RAM_PREPARE  lcd.o
    0x080028a6   0x080028a6   0x00000014   Code   RO          409    i.LCD_WRITE_REG     lcd.o
    0x080028ba   0x080028ba   0x0000000c   Code   RO          410    i.LCD_WriteRAM      lcd.o
    0x080028c6   0x080028c6   0x0000001a   Code   RO          821    i.MFRC522_AntennaOn  rc522.o
    0x080028e0   0x080028e0   0x0000004a   Code   RO          822    i.MFRC522_Anticoll  rc522.o
    0x0800292a   0x0800292a   0x0000001a   Code   RO          826    i.MFRC522_ClearBitMask  rc522.o
    0x08002944   0x08002944   0x00000044   Code   RO          829    i.MFRC522_Init      rc522.o
    0x08002988   0x08002988   0x0000001a   Code   RO          831    i.MFRC522_ReadRegister  rc522.o
    0x080029a2   0x080029a2   0x00000032   Code   RO          832    i.MFRC522_Request   rc522.o
    0x080029d4   0x080029d4   0x0000000c   Code   RO          833    i.MFRC522_Reset     rc522.o
    0x080029e0   0x080029e0   0x0000001a   Code   RO          835    i.MFRC522_SetBitMask  rc522.o
    0x080029fa   0x080029fa   0x0000012a   Code   RO          836    i.MFRC522_ToCard    rc522.o
    0x08002b24   0x08002b24   0x00000016   Code   RO          838    i.MFRC522_WriteRegister  rc522.o
    0x08002b3a   0x08002b3a   0x0000002a   Code   RO            5    i.NVIC_Configuration  main.o
    0x08002b64   0x08002b64   0x00000028   Code   RO            6    i.NVIC_Configuration_USART3  main.o
    0x08002b8c   0x08002b8c   0x00000070   Code   RO         3482    i.NVIC_Init         misc.o
    0x08002bfc   0x08002bfc   0x00000014   Code   RO         3483    i.NVIC_PriorityGroupConfig  misc.o
    0x08002c10   0x08002c10   0x00000138   Code   RO            7    i.Nhan_dang_RFID    main.o
    0x08002d48   0x08002d48   0x000001d0   Code   RO            8    i.Nhan_dang_vantay  main.o
    0x08002f18   0x08002f18   0x00000020   Code   RO         3940    i.RCC_APB1PeriphClockCmd  stm32f10x_rcc.o
    0x08002f38   0x08002f38   0x00000020   Code   RO         3942    i.RCC_APB2PeriphClockCmd  stm32f10x_rcc.o
    0x08002f58   0x08002f58   0x00000094   Code   RO            9    i.RCC_Configuration  main.o
    0x08002fec   0x08002fec   0x0000004c   Code   RO         3949    i.RCC_DeInit        stm32f10x_rcc.o
    0x08003038   0x08003038   0x000000d4   Code   RO         3950    i.RCC_GetClocksFreq  stm32f10x_rcc.o
    0x0800310c   0x0800310c   0x0000003c   Code   RO         3951    i.RCC_GetFlagStatus  stm32f10x_rcc.o
    0x08003148   0x08003148   0x00000010   Code   RO         3953    i.RCC_GetSYSCLKSource  stm32f10x_rcc.o
    0x08003158   0x08003158   0x00000018   Code   RO         3954    i.RCC_HCLKConfig    stm32f10x_rcc.o
    0x08003170   0x08003170   0x0000004c   Code   RO         3955    i.RCC_HSEConfig     stm32f10x_rcc.o
    0x080031bc   0x080031bc   0x00000018   Code   RO         3961    i.RCC_PCLK1Config   stm32f10x_rcc.o
    0x080031d4   0x080031d4   0x00000018   Code   RO         3962    i.RCC_PCLK2Config   stm32f10x_rcc.o
    0x080031ec   0x080031ec   0x0000000c   Code   RO         3963    i.RCC_PLLCmd        stm32f10x_rcc.o
    0x080031f8   0x080031f8   0x0000001c   Code   RO         3964    i.RCC_PLLConfig     stm32f10x_rcc.o
    0x08003214   0x08003214   0x00000018   Code   RO         3967    i.RCC_SYSCLKConfig  stm32f10x_rcc.o
    0x0800322c   0x0800322c   0x00000038   Code   RO         3969    i.RCC_WaitForHSEStartUp  stm32f10x_rcc.o
    0x08003264   0x08003264   0x00000024   Code   RO         1451    i.SD_GetCSD         sd_driver.o
    0x08003288   0x08003288   0x000000a6   Code   RO         1452    i.SD_GetCapacity    sd_driver.o
    0x0800332e   0x0800332e   0x00000002   PAD
    0x08003330   0x08003330   0x000001e4   Code   RO         1453    i.SD_Init           sd_driver.o
    0x08003514   0x08003514   0x00000070   Code   RO         1454    i.SD_ReadMultiBlock  sd_driver.o
    0x08003584   0x08003584   0x00000036   Code   RO         1455    i.SD_ReadSingleBlock  sd_driver.o
    0x080035ba   0x080035ba   0x00000002   PAD
    0x080035bc   0x080035bc   0x00000088   Code   RO         1456    i.SD_ReceiveData    sd_driver.o
    0x08003644   0x08003644   0x00000080   Code   RO         1457    i.SD_SendCommand    sd_driver.o
    0x080036c4   0x080036c4   0x0000006c   Code   RO         1458    i.SD_SendCommand_NoDeassert  sd_driver.o
    0x08003730   0x08003730   0x00000022   Code   RO         1459    i.SD_WaitReady      sd_driver.o
    0x08003752   0x08003752   0x00000002   PAD
    0x08003754   0x08003754   0x000000fc   Code   RO         1460    i.SD_WriteMultiBlock  sd_driver.o
    0x08003850   0x08003850   0x000000e0   Code   RO         1461    i.SD_WriteSingleBlock  sd_driver.o
    0x08003930   0x08003930   0x00000018   Code   RO         4155    i.SPI_Cmd           stm32f10x_spi.o
    0x08003948   0x08003948   0x000000dc   Code   RO         1462    i.SPI_Configuration  sd_driver.o
    0x08003a24   0x08003a24   0x00000012   Code   RO         4163    i.SPI_I2S_GetFlagStatus  stm32f10x_spi.o
    0x08003a36   0x08003a36   0x00000006   Code   RO         4166    i.SPI_I2S_ReceiveData  stm32f10x_spi.o
    0x08003a3c   0x08003a3c   0x00000004   Code   RO         4167    i.SPI_I2S_SendData  stm32f10x_spi.o
    0x08003a40   0x08003a40   0x0000003c   Code   RO         4168    i.SPI_Init          stm32f10x_spi.o
    0x08003a7c   0x08003a7c   0x00000038   Code   RO         1463    i.SPI_ReadWriteByte  sd_driver.o
    0x08003ab4   0x08003ab4   0x00000058   Code   RO         1464    i.SPI_SetSpeed      sd_driver.o
    0x08003b0c   0x08003b0c   0x00000038   Code   RO          763    i.SPIySendByte      spi.o
    0x08003b44   0x08003b44   0x00000028   Code   RO          764    i.SPIy_ReadReg      spi.o
    0x08003b6c   0x08003b6c   0x00000028   Code   RO          765    i.SPIy_WriteReg     spi.o
    0x08003b94   0x08003b94   0x000000c8   Code   RO          241    i.Save_Adjdata      touch.o
    0x08003c5c   0x08003c5c   0x00000008   Code   RO         4553    i.SetSysClock       system_stm32f10x.o
    0x08003c64   0x08003c64   0x000000e0   Code   RO         4554    i.SetSysClockTo72   system_stm32f10x.o
    0x08003d44   0x08003d44   0x00000060   Code   RO         4556    i.SystemInit        system_stm32f10x.o
    0x08003da4   0x08003da4   0x00000490   Code   RO          242    i.TOUCH_ADS7483_ADJUST  touch.o
    0x08004234   0x08004234   0x00000098   Code   RO          243    i.TOUCH_ADS7483_CONVERT_POSITION  touch.o
    0x080042cc   0x080042cc   0x0000002a   Code   RO          244    i.TOUCH_ADS7483_READ_ADS  touch.o
    0x080042f6   0x080042f6   0x000000c0   Code   RO          245    i.TOUCH_ADS7483_READ_ADS_2  touch.o
    0x080043b6   0x080043b6   0x00000002   PAD
    0x080043b8   0x080043b8   0x00000080   Code   RO          246    i.TOUCH_ADS7483_READ_BYTE_AD  touch.o
    0x08004438   0x08004438   0x00000048   Code   RO          247    i.TOUCH_ADS7483_READ_TP_ONCE  touch.o
    0x08004480   0x08004480   0x0000007c   Code   RO          248    i.TOUCH_ADS7483_READ_XY  touch.o
    0x080044fc   0x080044fc   0x00000040   Code   RO          249    i.TOUCH_ADS7483_WRITE_BYTE  touch.o
    0x0800453c   0x0800453c   0x00000068   Code   RO          250    i.TOUCH_CONFIGURATION  touch.o
    0x080045a4   0x080045a4   0x0000005c   Code   RO          251    i.TOUCH_INIT        touch.o
    0x08004600   0x08004600   0x00000024   Code   RO          252    i.TOUCH_PEN_INT_SET  touch.o
    0x08004624   0x08004624   0x00000040   Code   RO          253    i.TOUCH_PRESS       touch.o
    0x08004664   0x08004664   0x00000070   Code   RO           10    i.USART3_IRQHandler  main.o
    0x080046d4   0x080046d4   0x00000018   Code   RO         4310    i.USART_Cmd         stm32f10x_usart.o
    0x080046ec   0x080046ec   0x0000001a   Code   RO         4313    i.USART_GetFlagStatus  stm32f10x_usart.o
    0x08004706   0x08004706   0x0000004a   Code   RO         4316    i.USART_ITConfig    stm32f10x_usart.o
    0x08004750   0x08004750   0x000000d8   Code   RO         4317    i.USART_Init        stm32f10x_usart.o
    0x08004828   0x08004828   0x0000000a   Code   RO         4324    i.USART_ReceiveData  stm32f10x_usart.o
    0x08004832   0x08004832   0x0000001e   Code   RO         1063    i.USART_SendChar    usart.o
    0x08004850   0x08004850   0x00000008   Code   RO         4327    i.USART_SendData    stm32f10x_usart.o
    0x08004858   0x08004858   0x0000001a   Code   RO         1064    i.USART_SendString  usart.o
    0x08004872   0x08004872   0x0000007a   Code   RO         1065    i.USARTx_Configuration  usart.o
    0x080048ec   0x080048ec   0x000000ae   Code   RO          412    i.WriteOneHz        lcd.o
    0x0800499a   0x0800499a   0x00000028   Code   RO         5172    i.__ARM_fpclassify  m_ws.l(fpclassify.o)
    0x080049c2   0x080049c2   0x0000000e   Code   RO         4718    i._is_digit         c_w.l(__printf_wp.o)
    0x080049d0   0x080049d0   0x000002ec   Code   RO         1194    i.auto_mount        ff.o
    0x08004cbc   0x08004cbc   0x00000014   Code   RO         1561    i.bcd2bin           ds1307.o
    0x08004cd0   0x08004cd0   0x0000001c   Code   RO         1562    i.bin2bcd           ds1307.o
    0x08004cec   0x08004cec   0x00000068   Code   RO         1195    i.check_fs          ff.o
    0x08004d54   0x08004d54   0x00000016   Code   RO         1563    i.check_min_max     ds1307.o
    0x08004d6a   0x08004d6a   0x00000014   Code   RO         1196    i.chk_chr           ff.o
    0x08004d7e   0x08004d7e   0x0000001a   Code   RO         1197    i.clust2sect        ff.o
    0x08004d98   0x08004d98   0x00000044   Code   RO          952    i.createModel       r305.o
    0x08004ddc   0x08004ddc   0x000000b6   Code   RO         1198    i.create_chain      ff.o
    0x08004e92   0x08004e92   0x00000002   PAD
    0x08004e94   0x08004e94   0x00000144   Code   RO         1199    i.create_name       ff.o
    0x08004fd8   0x08004fd8   0x00000014   Code   RO          953    i.delay_2s          r305.o
    0x08004fec   0x08004fec   0x0000005c   Code   RO         1200    i.dir_find          ff.o
    0x08005048   0x08005048   0x00000116   Code   RO         1201    i.dir_next          ff.o
    0x0800515e   0x0800515e   0x00000078   Code   RO         1203    i.dir_register      ff.o
    0x080051d6   0x080051d6   0x0000009c   Code   RO         1205    i.dir_seek          ff.o
    0x08005272   0x08005272   0x00000020   Code   RO         1130    i.disk_initialize   diskio.o
    0x08005292   0x08005292   0x00000002   PAD
    0x08005294   0x08005294   0x00000068   Code   RO         1131    i.disk_ioctl        diskio.o
    0x080052fc   0x080052fc   0x00000044   Code   RO         1132    i.disk_read         diskio.o
    0x08005340   0x08005340   0x0000000c   Code   RO         1133    i.disk_status       diskio.o
    0x0800534c   0x0800534c   0x0000003c   Code   RO         1134    i.disk_write        diskio.o
    0x08005388   0x08005388   0x00000028   Code   RO         1565    i.ds1307_get_calendar_date  ds1307.o
    0x080053b0   0x080053b0   0x00000016   Code   RO         1566    i.ds1307_get_date   ds1307.o
    0x080053c6   0x080053c6   0x00000016   Code   RO         1567    i.ds1307_get_day    ds1307.o
    0x080053dc   0x080053dc   0x0000001a   Code   RO         1570    i.ds1307_get_hours_24  ds1307.o
    0x080053f6   0x080053f6   0x00000016   Code   RO         1571    i.ds1307_get_minutes  ds1307.o
    0x0800540c   0x0800540c   0x00000016   Code   RO         1572    i.ds1307_get_month  ds1307.o
    0x08005422   0x08005422   0x00000016   Code   RO         1573    i.ds1307_get_seconds  ds1307.o
    0x08005438   0x08005438   0x0000001c   Code   RO         1575    i.ds1307_get_time_24  ds1307.o
    0x08005454   0x08005454   0x00000016   Code   RO         1576    i.ds1307_get_year   ds1307.o
    0x0800546a   0x0800546a   0x00000008   Code   RO         1577    i.ds1307_init       ds1307.o
    0x08005472   0x08005472   0x00000028   Code   RO         1578    i.ds1307_set_calendar_date  ds1307.o
    0x0800549a   0x0800549a   0x00000022   Code   RO         1579    i.ds1307_set_date   ds1307.o
    0x080054bc   0x080054bc   0x00000022   Code   RO         1580    i.ds1307_set_day    ds1307.o
    0x080054de   0x080054de   0x00000022   Code   RO         1582    i.ds1307_set_hours_24  ds1307.o
    0x08005500   0x08005500   0x00000022   Code   RO         1583    i.ds1307_set_minutes  ds1307.o
    0x08005522   0x08005522   0x00000022   Code   RO         1584    i.ds1307_set_month  ds1307.o
    0x08005544   0x08005544   0x00000022   Code   RO         1585    i.ds1307_set_seconds  ds1307.o
    0x08005566   0x08005566   0x0000001c   Code   RO         1587    i.ds1307_set_time_24  ds1307.o
    0x08005582   0x08005582   0x00000022   Code   RO         1588    i.ds1307_set_year   ds1307.o
    0x080055a4   0x080055a4   0x00000016   Code   RO         1207    i.f_close           ff.o
    0x080055ba   0x080055ba   0x000001c0   Code   RO         1210    i.f_lseek           ff.o
    0x0800577a   0x0800577a   0x00000002   PAD
    0x0800577c   0x0800577c   0x0000002c   Code   RO         1212    i.f_mount           ff.o
    0x080057a8   0x080057a8   0x0000018c   Code   RO         1213    i.f_open            ff.o
    0x08005934   0x08005934   0x000001b2   Code   RO         1215    i.f_printf          ff.o
    0x08005ae6   0x08005ae6   0x0000002a   Code   RO         1216    i.f_putc            ff.o
    0x08005b10   0x08005b10   0x0000002a   Code   RO         1217    i.f_puts            ff.o
    0x08005b3a   0x08005b3a   0x000000b8   Code   RO         1222    i.f_sync            ff.o
    0x08005bf2   0x08005bf2   0x00000210   Code   RO         1226    i.f_write           ff.o
    0x08005e02   0x08005e02   0x00000002   PAD
    0x08005e04   0x08005e04   0x00000048   Code   RO          413    i.findHzIndex       lcd.o
    0x08005e4c   0x08005e4c   0x0000013c   Code   RO          956    i.fingerEnroll      r305.o
    0x08005f88   0x08005f88   0x000000a8   Code   RO          957    i.fingerFastSearch  r305.o
    0x08006030   0x08006030   0x00000074   Code   RO          958    i.fingerIDSearch    r305.o
    0x080060a4   0x080060a4   0x00000096   Code   RO         1227    i.follow_path       ff.o
    0x0800613a   0x0800613a   0x00000002   PAD
    0x0800613c   0x0800613c   0x00000044   Code   RO          959    i.getImage          r305.o
    0x08006180   0x08006180   0x000000a0   Code   RO          960    i.getReply          r305.o
    0x08006220   0x08006220   0x00000112   Code   RO         1228    i.get_fat           ff.o
    0x08006332   0x08006332   0x00000004   Code   RO         1135    i.get_fattime       diskio.o
    0x08006336   0x08006336   0x00000002   PAD
    0x08006338   0x08006338   0x00000094   Code   RO           11    i.get_rfid_id       main.o
    0x080063cc   0x080063cc   0x00000044   Code   RO         1753    i.i2c_address_direction  i2c.o
    0x08006410   0x08006410   0x00000074   Code   RO         1754    i.i2c_init          i2c.o
    0x08006484   0x08006484   0x0000003a   Code   RO         1758    i.i2c_read_with_reg  i2c.o
    0x080064be   0x080064be   0x00000002   PAD
    0x080064c0   0x080064c0   0x00000028   Code   RO         1760    i.i2c_receive_nack  i2c.o
    0x080064e8   0x080064e8   0x00000034   Code   RO         1761    i.i2c_start         i2c.o
    0x0800651c   0x0800651c   0x00000010   Code   RO         1762    i.i2c_stop          i2c.o
    0x0800652c   0x0800652c   0x00000024   Code   RO         1763    i.i2c_transmit      i2c.o
    0x08006550   0x08006550   0x00000028   Code   RO         1767    i.i2c_write_with_reg  i2c.o
    0x08006578   0x08006578   0x0000004c   Code   RO          961    i.image2Tz          r305.o
    0x080065c4   0x080065c4   0x000000d8   Code   RO          767    i.initSPI1          spi.o
    0x0800669c   0x0800669c   0x000011ec   Code   RO           12    i.main              main.o
    0x08007888   0x08007888   0x00000026   Code   RO         1230    i.mem_cmp           ff.o
    0x080078ae   0x080078ae   0x0000001a   Code   RO         1231    i.mem_cpy           ff.o
    0x080078c8   0x080078c8   0x00000014   Code   RO         1232    i.mem_set           ff.o
    0x080078dc   0x080078dc   0x00000072   Code   RO         1233    i.move_window       ff.o
    0x0800794e   0x0800794e   0x00000146   Code   RO         1234    i.put_fat           ff.o
    0x08007a94   0x08007a94   0x00000068   Code   RO         1235    i.remove_chain      ff.o
    0x08007afc   0x08007afc   0x0000004c   Code   RO         4882    i.sqrt              m_ws.l(sqrt.o)
    0x08007b48   0x08007b48   0x00000054   Code   RO          962    i.storeModel        r305.o
    0x08007b9c   0x08007b9c   0x000000ca   Code   RO         1236    i.sync              ff.o
    0x08007c66   0x08007c66   0x0000002a   Code   RO         1237    i.validate          ff.o
    0x08007c90   0x08007c90   0x0000004c   Code   RO          963    i.verifyPassword    r305.o
    0x08007cdc   0x08007cdc   0x000000b4   Code   RO          965    i.writePacket       r305.o
    0x08007d90   0x08007d90   0x0000002c   Code   RO         5139    locale$$code        c_w.l(lc_numeric_c.o)
    0x08007dbc   0x08007dbc   0x00000018   Code   RO         5026    x$fpl$dcmpinf       fz_ws.l(dcmpi.o)
    0x08007dd4   0x08007dd4   0x0000005a   Code   RO         4813    x$fpl$dfixu         fz_ws.l(dfixu.o)
    0x08007e2e   0x08007e2e   0x00000026   Code   RO         4817    x$fpl$dfltu         fz_ws.l(dflt_clz.o)
    0x08007e54   0x08007e54   0x00000078   Code   RO         4823    x$fpl$dleqf         fz_ws.l(dleqf.o)
    0x08007ecc   0x08007ecc   0x0000009c   Code   RO         5028    x$fpl$dnaninf       fz_ws.l(dnaninf.o)
    0x08007f68   0x08007f68   0x0000000c   Code   RO         5030    x$fpl$dretinf       fz_ws.l(dretinf.o)
    0x08007f74   0x08007f74   0x0000006c   Code   RO         4827    x$fpl$drleqf        fz_ws.l(drleqf.o)
    0x08007fe0   0x08007fe0   0x000001cc   Code   RO         5032    x$fpl$dsqrt         fz_ws.l(dsqrt_noumaal.o)
    0x080081ac   0x080081ac   0x00000056   Code   RO         4829    x$fpl$f2d           fz_ws.l(f2d.o)
    0x08008202   0x08008202   0x00000002   PAD
    0x08008204   0x08008204   0x000000c4   Code   RO         4831    x$fpl$fadd          fz_ws.l(faddsub_clz.o)
    0x080082c8   0x080082c8   0x00000184   Code   RO         4838    x$fpl$fdiv          fz_ws.l(fdiv.o)
    0x0800844c   0x0800844c   0x00000036   Code   RO         4843    x$fpl$ffix          fz_ws.l(ffix.o)
    0x08008482   0x08008482   0x00000002   PAD
    0x08008484   0x08008484   0x0000003e   Code   RO         4847    x$fpl$ffixu         fz_ws.l(ffixu.o)
    0x080084c2   0x080084c2   0x00000002   PAD
    0x080084c4   0x080084c4   0x00000030   Code   RO         4852    x$fpl$fflt          fz_ws.l(fflt_clz.o)
    0x080084f4   0x080084f4   0x00000026   Code   RO         4851    x$fpl$ffltu         fz_ws.l(fflt_clz.o)
    0x0800851a   0x0800851a   0x00000002   PAD
    0x0800851c   0x0800851c   0x00000102   Code   RO         4859    x$fpl$fmul          fz_ws.l(fmul.o)
    0x0800861e   0x0800861e   0x0000008c   Code   RO         5036    x$fpl$fnaninf       fz_ws.l(fnaninf.o)
    0x080086aa   0x080086aa   0x0000000a   Code   RO         5038    x$fpl$fretinf       fz_ws.l(fretinf.o)
    0x080086b4   0x080086b4   0x00000014   Code   RO         4832    x$fpl$frsb          fz_ws.l(faddsub_clz.o)
    0x080086c8   0x080086c8   0x000000ea   Code   RO         4833    x$fpl$fsub          fz_ws.l(faddsub_clz.o)
    0x080087b2   0x080087b2   0x00000004   Code   RO         4861    x$fpl$printf1       fz_ws.l(printf1.o)
    0x080087b6   0x080087b6   0x00000000   Code   RO         5040    x$fpl$usenofp       fz_ws.l(usenofp.o)
    0x080087b6   0x080087b6   0x000017c8   Data   RO          414    .constdata          lcd.o
    0x08009f7e   0x08009f7e   0x00000004   Data   RO         1238    .constdata          ff.o
    0x08009f82   0x08009f82   0x00001388   Data   RO         1865    .constdata          password.o
    0x0800b30a   0x0800b30a   0x00025800   Data   RO         1872    .constdata          myanh.o
    0x08030b0a   0x08030b0a   0x00001130   Data   RO         1879    .constdata          r305_50_44.o
    0x08031c3a   0x08031c3a   0x00001390   Data   RO         1886    .constdata          rfid.o
    0x08032fca   0x08032fca   0x00000028   Data   RO         4691    .constdata          c_w.l(_printf_hex_int.o)
    0x08032ff2   0x08032ff2   0x00000011   Data   RO         4726    .constdata          c_w.l(__printf_flags_ss_wp.o)
    0x08033003   0x08033003   0x00000001   PAD
    0x08033004   0x08033004   0x00000094   Data   RO         5108    .constdata          c_w.l(bigflt0.o)
    0x08033098   0x08033098   0x00000020   Data   RO         5317    Region$$Table       anon$$obj.o
    0x080330b8   0x080330b8   0x0000001c   Data   RO         5138    locale$$data        c_w.l(lc_numeric_c.o)


    Execution Region ER_RW (Exec base: 0x20000000, Load base: 0x080330d4, Size: 0x000000b0, Max: 0xffffffff, ABSOLUTE)

    Exec Addr    Load Addr    Size         Type   Attr      Idx    E Section Name        Object

    0x20000000   0x080330d4   0x00000069   Data   RW           14    .data               main.o
    0x20000069   0x0803313d   0x00000003   PAD
    0x2000006c   0x08033140   0x0000000c   Data   RW          255    .data               touch.o
    0x20000078   0x0803314c   0x00000006   Data   RW          415    .data               lcd.o
    0x2000007e   0x08033152   0x00000002   Data   RW          673    .data               24c02.o
    0x20000080   0x08033154   0x00000004   Data   RW          769    .data               spi.o
    0x20000084   0x08033158   0x00000010   Data   RW          967    .data               r305.o
    0x20000094   0x08033168   0x00000006   Data   RW         1239    .data               ff.o
    0x2000009a   0x0803316e   0x00000001   Data   RW         1465    .data               sd_driver.o
    0x2000009b   0x0803316f   0x00000014   Data   RW         3970    .data               stm32f10x_rcc.o


    Execution Region ER_ZI (Exec base: 0x200000b0, Load base: 0x08033184, Size: 0x00000f00, Max: 0xffffffff, ABSOLUTE)

    Exec Addr    Load Addr    Size         Type   Attr      Idx    E Section Name        Object

    0x200000b0        -       0x00000874   Zero   RW           13    .bss                main.o
    0x20000924        -       0x00000018   Zero   RW          254    .bss                touch.o
    0x2000093c        -       0x00000014   Zero   RW          966    .bss                r305.o
    0x20000950        -       0x00000060   Zero   RW         4899    .bss                c_w.l(libspace.o)
    0x200009b0        -       0x00000200   Zero   RW         4544    HEAP                startup_stm32f10x_hd.o
    0x20000bb0        -       0x00000400   Zero   RW         4543    STACK               startup_stm32f10x_hd.o


==============================================================================

Image component sizes


      Code (inc. data)   RO Data    RW Data    ZI Data      Debug   Object Name

       900         64          0          2          0       4407   24c02.o
       280          6          0          0          0       8668   diskio.o
       610          0          0          0          0      11918   ds1307.o
      5486         42          4          6          0      23383   ff.o
       426         58          0          0          0       4513   i2c.o
      3110        102       6088          6          0      17587   lcd.o
      5884       1938          0        105       2164     262775   main.o
       132         22          0          0          0       1811   misc.o
         0          0     153600          0          0        399   myanh.o
         0          0       5000          0          0        408   password.o
      1332        240          0         16         20       7432   r305.o
         0          0       4400          0          0        416   r305_50_44.o
       628          0          0          0          0       6184   rc522.o
         0          0       5008          0          0        407   rfid.o
      2098         66          0          1          0      10585   sd_driver.o
       352         26          0          4          0       2620   spi.o
        64         26        304          0       1536        800   startup_stm32f10x_hd.o
       216         22          0          0          0       3059   stm32f10x_exti.o
       346          4          0          0          0       3459   stm32f10x_gpio.o
       496         14          0          0          0       9871   stm32f10x_i2c.o
        28          4          0          0          0        455   stm32f10x_it.o
       696         92          0         20          0      11642   stm32f10x_rcc.o
       112          0          0          0          0       4322   stm32f10x_spi.o
       358          6          0          0          0       5961   stm32f10x_usart.o
       328         28          0          0          0       1925   system_stm32f10x.o
      2768        144          0         12         24      10784   touch.o
       178          0          0          0          0       2487   usart.o

    ----------------------------------------------------------------------
     26862       2904     174436        176       3744     418278   Object Totals
         0          0         32          0          0          0   (incl. Generated)
        34          0          0          4          0          0   (incl. Padding)

    ----------------------------------------------------------------------

      Code (inc. data)   RO Data    RW Data    ZI Data      Debug   Library Member Name

        44          6          0          0          0         84   __2sprintf.o
         8          0          0          0          0         68   __main.o
       392          4         17          0          0         92   __printf_flags_ss_wp.o
        14          0          0          0          0         68   __printf_wp.o
         0          0          0          0          0          0   __rtentry.o
        12          0          0          0          0          0   __rtentry2.o
         6          0          0          0          0          0   __rtentry4.o
        52          8          0          0          0          0   __scatter.o
        26          0          0          0          0          0   __scatter_copy.o
        28          0          0          0          0          0   __scatter_zi.o
        48          6          0          0          0         96   _printf_char_common.o
         6          0          0          0          0          0   _printf_d.o
       120         16          0          0          0         92   _printf_dec.o
         6          0          0          0          0          0   _printf_f.o
      1054          0          0          0          0        216   _printf_fp_dec.o
       128         16          0          0          0         84   _printf_fp_infnan.o
        88          4         40          0          0         88   _printf_hex_int.o
       178          0          0          0          0         88   _printf_intcommon.o
         0          0          0          0          0          0   _printf_percent.o
         4          0          0          0          0          0   _printf_percent_end.o
         6          0          0          0          0          0   _printf_x.o
        22          0          0          0          0        100   _rserrno.o
        10          0          0          0          0         68   _sputc.o
       228          4        148          0          0         96   bigflt0.o
      1936        128          0          0          0        672   btod.o
        18          0          0          0          0         80   exit.o
         6          0          0          0          0        152   heapauxi.o
         0          0          0          0          0          0   indicate_semi.o
        44         10         28          0          0         76   lc_numeric_c.o
         2          0          0          0          0          0   libinit.o
        18          0          0          0          0          0   libinit2.o
         2          0          0          0          0          0   libshutdown.o
         2          0          0          0          0          0   libshutdown2.o
         8          4          0          0         96         68   libspace.o
       138          0          0          0          0         80   lludiv10.o
         8          4          0          0          0         68   rt_errno_addr_intlibspace.o
         8          4          0          0          0         68   rt_locale_intlibspace.o
         2          0          0          0          0          0   rtexit.o
        10          0          0          0          0          0   rtexit2.o
       128          0          0          0          0         68   strcmpv7m.o
        12          4          0          0          0         68   sys_exit.o
        74          0          0          0          0         80   sys_stackheap_outer.o
         2          0          0          0          0         68   use_no_semi.o
        24          0          0          0          0         68   dcmpi.o
        90          4          0          0          0         92   dfixu.o
        38          0          0          0          0         68   dflt_clz.o
       120          4          0          0          0         92   dleqf.o
       156          4          0          0          0         92   dnaninf.o
        12          0          0          0          0         68   dretinf.o
       108          0          0          0          0         80   drleqf.o
       460         56          0          0          0        120   dsqrt_noumaal.o
        86          4          0          0          0         84   f2d.o
       450          8          0          0          0        236   faddsub_clz.o
       388         76          0          0          0         96   fdiv.o
        54          4          0          0          0         84   ffix.o
        62          4          0          0          0         84   ffixu.o
        86          0          0          0          0        136   fflt_clz.o
       258          4          0          0          0         84   fmul.o
       140          4          0          0          0         84   fnaninf.o
        10          0          0          0          0         68   fretinf.o
         4          0          0          0          0         68   printf1.o
         0          0          0          0          0          0   usenofp.o
        40          0          0          0          0         68   fpclassify.o
        76          0          0          0          0         84   sqrt.o

    ----------------------------------------------------------------------
      7576        390        234          0         96       4644   Library Totals
        16          0          1          0          0          0   (incl. Padding)

    ----------------------------------------------------------------------

      Code (inc. data)   RO Data    RW Data    ZI Data      Debug   Library Name

      4898        218        233          0         96       2788   c_w.l
      2546        172          0          0          0       1704   fz_ws.l
       116          0          0          0          0        152   m_ws.l

    ----------------------------------------------------------------------
      7576        390        234          0         96       4644   Library Totals

    ----------------------------------------------------------------------

==============================================================================


      Code (inc. data)   RO Data    RW Data    ZI Data      Debug   

     34438       3294     174670        176       3840     409502   Grand Totals
     34438       3294     174670        176       3840     409502   ELF Image Totals
     34438       3294     174670        176          0          0   ROM Totals

==============================================================================

    Total RO  Size (Code + RO Data)               209108 ( 204.21kB)
    Total RW  Size (RW Data + ZI Data)              4016 (   3.92kB)
    Total ROM Size (Code + RO Data + RW Data)     209284 ( 204.38kB)

==============================================================================

